Archive member included to satisfy reference by file (symbol)

C:/msys32/home/AllyKalaf/ESP32-bridge/build/cxx\libcxx.a(cxx_exception_stubs.o)
                              (__cxx_fatal_exception)
C:/msys32/home/AllyKalaf/ESP32-bridge/build/cxx\libcxx.a(cxx_guards.o)
                              (__cxa_guard_dummy)
C:/msys32/home/AllyKalaf/ESP32-bridge/build/esp32\libesp32.a(cpu_start.o)
                              (call_start_cpu0)
C:/msys32/home/AllyKalaf/ESP32-bridge/build/esp32\libesp32.a(dbg_stubs.o)
                              C:/msys32/home/AllyKalaf/ESP32-bridge/build/esp32\libesp32.a(cpu_start.o) (esp_dbg_stubs_init)
C:/msys32/home/AllyKalaf/ESP32-bridge/build/esp32\libesp32.a(task_wdt.o)
                              C:/msys32/home/AllyKalaf/ESP32-bridge/build/esp32\libesp32.a(cpu_start.o) (esp_task_wdt_init)
C:/msys32/home/AllyKalaf/ESP32-bridge/build/esp32\libesp32.a(panic.o)
                              C:/msys32/home/AllyKalaf/ESP32-bridge/build/cxx\libcxx.a(cxx_exception_stubs.o) (abort)
C:/msys32/home/AllyKalaf/ESP32-bridge/build/esp32\libesp32.a(dport_panic_highint_hdl.o)
                              (ld_include_panic_highint_hdl)
C:/msys32/home/AllyKalaf/ESP32-bridge/build/esp32\libesp32.a(int_wdt.o)
                              C:/msys32/home/AllyKalaf/ESP32-bridge/build/esp32\libesp32.a(dport_panic_highint_hdl.o) (int_wdt_app_cpu_ticked)
C:/msys32/home/AllyKalaf/ESP32-bridge/build/esp32\libesp32.a(brownout.o)
                              C:/msys32/home/AllyKalaf/ESP32-bridge/build/esp32\libesp32.a(cpu_start.o) (esp_brownout_init)
C:/msys32/home/AllyKalaf/ESP32-bridge/build/esp32\libesp32.a(system_api.o)
                              C:/msys32/home/AllyKalaf/ESP32-bridge/build/esp32\libesp32.a(panic.o) (esp_restart_noos)
C:/msys32/home/AllyKalaf/ESP32-bridge/build/esp32\libesp32.a(dport_access.o)
                              C:/msys32/home/AllyKalaf/ESP32-bridge/build/esp32\libesp32.a(dport_panic_highint_hdl.o) (dport_access_start)
C:/msys32/home/AllyKalaf/ESP32-bridge/build/esp32\libesp32.a(esp_timer.o)
                              C:/msys32/home/AllyKalaf/ESP32-bridge/build/esp32\libesp32.a(cpu_start.o) (esp_timer_init)
C:/msys32/home/AllyKalaf/ESP32-bridge/build/esp32\libesp32.a(intr_alloc.o)
                              C:/msys32/home/AllyKalaf/ESP32-bridge/build/esp32\libesp32.a(task_wdt.o) (esp_intr_alloc)
C:/msys32/home/AllyKalaf/ESP32-bridge/build/esp32\libesp32.a(ipc.o)
                              C:/msys32/home/AllyKalaf/ESP32-bridge/build/esp32\libesp32.a(cpu_start.o) (esp_ipc_init)
C:/msys32/home/AllyKalaf/ESP32-bridge/build/esp32\libesp32.a(cache_err_int.o)
                              C:/msys32/home/AllyKalaf/ESP32-bridge/build/esp32\libesp32.a(cpu_start.o) (esp_cache_err_int_init)
C:/msys32/home/AllyKalaf/ESP32-bridge/build/esp32\libesp32.a(freertos_hooks.o)
                              C:/msys32/home/AllyKalaf/ESP32-bridge/build/esp32\libesp32.a(task_wdt.o) (esp_register_freertos_idle_hook_for_cpu)
C:/msys32/home/AllyKalaf/ESP32-bridge/build/esp32\libesp32.a(clk.o)
                              C:/msys32/home/AllyKalaf/ESP32-bridge/build/esp32\libesp32.a(cpu_start.o) (esp_clk_init)
C:/msys32/home/AllyKalaf/ESP32-bridge/build/esp32\libesp32.a(esp_timer_esp32.o)
                              C:/msys32/home/AllyKalaf/ESP32-bridge/build/esp32\libesp32.a(esp_timer.o) (esp_timer_impl_get_time)
C:/msys32/home/AllyKalaf/ESP32-bridge/build/esp32\libesp32.a(crosscore_int.o)
                              C:/msys32/home/AllyKalaf/ESP32-bridge/build/esp32\libesp32.a(cpu_start.o) (esp_crosscore_int_init)
C:/msys32/home/AllyKalaf/esp/esp-idf/components/esp32/libhal.a(int_asm--set_intclear.o)
                              C:/msys32/home/AllyKalaf/ESP32-bridge/build/esp32\libesp32.a(intr_alloc.o) (xthal_set_intclear)
C:/msys32/home/AllyKalaf/ESP32-bridge/build/freertos\libfreertos.a(FreeRTOS-openocd.o)
                              (uxTopUsedPriority)
C:/msys32/home/AllyKalaf/ESP32-bridge/build/freertos\libfreertos.a(tasks.o)
                              C:/msys32/home/AllyKalaf/ESP32-bridge/build/esp32\libesp32.a(system_api.o) (vTaskSuspendAll)
C:/msys32/home/AllyKalaf/ESP32-bridge/build/freertos\libfreertos.a(port.o)
                              C:/msys32/home/AllyKalaf/ESP32-bridge/build/freertos\libfreertos.a(tasks.o) (pxPortInitialiseStack)
C:/msys32/home/AllyKalaf/ESP32-bridge/build/freertos\libfreertos.a(xtensa_init.o)
                              C:/msys32/home/AllyKalaf/ESP32-bridge/build/freertos\libfreertos.a(port.o) (_xt_tick_divisor_init)
C:/msys32/home/AllyKalaf/ESP32-bridge/build/freertos\libfreertos.a(list.o)
                              C:/msys32/home/AllyKalaf/ESP32-bridge/build/freertos\libfreertos.a(tasks.o) (vListInitialise)
C:/msys32/home/AllyKalaf/ESP32-bridge/build/freertos\libfreertos.a(queue.o)
                              C:/msys32/home/AllyKalaf/ESP32-bridge/build/esp32\libesp32.a(ipc.o) (xQueueGenericCreate)
[...]
Memory Configuration

Name             Origin             Length             Attributes
iram0_0_seg      0x40080000         0x00020000         xr
iram0_2_seg      0x400d0018         0x0032ffe8         xr
dram0_0_seg      0x3ffb0000         0x0002c200         rw
drom0_0_seg      0x3f400018         0x003fffe8         r
rtc_iram_seg     0x400c0000         0x00002000         xrw
rtc_slow_seg     0x50000000         0x00001000         rw
*default*        0x00000000         0xffffffff

Linker script and memory map

START GROUP
LOAD C:/msys32/home/AllyKalaf/ESP32-bridge/build/app_trace\libapp_trace.a
LOAD C:/msys32/home/AllyKalaf/ESP32-bridge/build/app_update\libapp_update.a
LOAD C:/msys32/home/AllyKalaf/ESP32-bridge/build/bootloader_support\libbootloader_support.a
LOAD C:/msys32/home/AllyKalaf/ESP32-bridge/build/bt\libbt.a
LOAD C:/msys32/home/AllyKalaf/ESP32-bridge/build/coap\libcoap.a
LOAD C:/msys32/home/AllyKalaf/ESP32-bridge/build/console\libconsole.a
LOAD C:/msys32/home/AllyKalaf/ESP32-bridge/build/cxx\libcxx.a
LOAD C:/msys32/home/AllyKalaf/ESP32-bridge/build/driver\libdriver.a
LOAD C:/msys32/home/AllyKalaf/ESP32-bridge/build/esp-tls\libesp-tls.a
LOAD C:/msys32/home/AllyKalaf/ESP32-bridge/build/esp32\libesp32.a
LOAD C:/msys32/home/AllyKalaf/esp/esp-idf/components/esp32/libhal.a
LOAD C:/msys32/home/AllyKalaf/esp/esp-idf/components/esp32/lib\libcore.a
LOAD C:/msys32/home/AllyKalaf/esp/esp-idf/components/esp32/lib\librtc.a
LOAD C:/msys32/home/AllyKalaf/esp/esp-idf/components/esp32/lib\libnet80211.a
LOAD C:/msys32/home/AllyKalaf/esp/esp-idf/components/esp32/lib\libpp.a
LOAD C:/msys32/home/AllyKalaf/esp/esp-idf/components/esp32/lib\libwpa.a
LOAD C:/msys32/home/AllyKalaf/esp/esp-idf/components/esp32/lib\libsmartconfig.a
LOAD C:/msys32/home/AllyKalaf/esp/esp-idf/components/esp32/lib\libcoexist.a
LOAD C:/msys32/home/AllyKalaf/esp/esp-idf/components/esp32/lib\libwps.a
LOAD C:/msys32/home/AllyKalaf/esp/esp-idf/components/esp32/lib\libwpa2.a
LOAD C:/msys32/home/AllyKalaf/esp/esp-idf/components/esp32/lib\libespnow.a
LOAD C:/msys32/home/AllyKalaf/esp/esp-idf/components/esp32/lib\libphy.a
LOAD C:/msys32/home/AllyKalaf/esp/esp-idf/components/esp32/lib\libmesh.a
LOAD C:/msys32/home/AllyKalaf/ESP32-bridge/build/esp_adc_cal\libesp_adc_cal.a
LOAD C:/msys32/home/AllyKalaf/ESP32-bridge/build/esp_http_client\libesp_http_client.a
LOAD C:/msys32/home/AllyKalaf/ESP32-bridge/build/ethernet\libethernet.a
LOAD C:/msys32/home/AllyKalaf/ESP32-bridge/build/expat\libexpat.a
LOAD C:/msys32/home/AllyKalaf/ESP32-bridge/build/fatfs\libfatfs.a
LOAD C:/msys32/home/AllyKalaf/ESP32-bridge/build/freertos\libfreertos.a
LOAD C:/msys32/home/AllyKalaf/ESP32-bridge/build/heap\libheap.a
LOAD C:/msys32/home/AllyKalaf/ESP32-bridge/build/idf_test\libidf_test.a
LOAD C:/msys32/home/AllyKalaf/ESP32-bridge/build/jsmn\libjsmn.a
LOAD C:/msys32/home/AllyKalaf/ESP32-bridge/build/json\libjson.a
LOAD C:/msys32/home/AllyKalaf/ESP32-bridge/build/libsodium\liblibsodium.a
LOAD C:/msys32/home/AllyKalaf/ESP32-bridge/build/log\liblog.a
LOAD C:/msys32/home/AllyKalaf/ESP32-bridge/build/lwip\liblwip.a
LOAD C:/msys32/home/AllyKalaf/ESP32-bridge/build/main\libmain.a
LOAD C:/msys32/home/AllyKalaf/ESP32-bridge/build/mbedtls\libmbedtls.a
LOAD C:/msys32/home/AllyKalaf/ESP32-bridge/build/mdns\libmdns.a
LOAD C:/msys32/home/AllyKalaf/ESP32-bridge/build/micro-ecc\libmicro-ecc.a
LOAD C:/msys32/home/AllyKalaf/esp/esp-idf/components/newlib/lib/libc.a
LOAD C:/msys32/home/AllyKalaf/esp/esp-idf/components/newlib/lib/libm.a
LOAD C:/msys32/home/AllyKalaf/ESP32-bridge/build/newlib\libnewlib.a
LOAD C:/msys32/home/AllyKalaf/ESP32-bridge/build/nghttp\libnghttp.a
LOAD C:/msys32/home/AllyKalaf/ESP32-bridge/build/nvs_flash\libnvs_flash.a
LOAD C:/msys32/home/AllyKalaf/ESP32-bridge/build/openssl\libopenssl.a
LOAD C:/msys32/home/AllyKalaf/ESP32-bridge/build/pthread\libpthread.a
LOAD C:/msys32/home/AllyKalaf/ESP32-bridge/build/sdmmc\libsdmmc.a
LOAD C:/msys32/home/AllyKalaf/ESP32-bridge/build/smartconfig_ack\libsmartconfig_ack.a
LOAD C:/msys32/home/AllyKalaf/ESP32-bridge/build/soc\libsoc.a
LOAD C:/msys32/home/AllyKalaf/ESP32-bridge/build/spi_flash\libspi_flash.a
LOAD C:/msys32/home/AllyKalaf/ESP32-bridge/build/spiffs\libspiffs.a
LOAD C:/msys32/home/AllyKalaf/ESP32-bridge/build/tcpip_adapter\libtcpip_adapter.a
LOAD C:/msys32/home/AllyKalaf/ESP32-bridge/build/ulp\libulp.a
LOAD C:/msys32/home/AllyKalaf/ESP32-bridge/build/vfs\libvfs.a
LOAD C:/msys32/home/AllyKalaf/ESP32-bridge/build/wear_levelling\libwear_levelling.a
LOAD C:/msys32/home/AllyKalaf/ESP32-bridge/build/wpa_supplicant\libwpa_supplicant.a
LOAD C:/msys32/home/AllyKalaf/ESP32-bridge/build/xtensa-debug-module\libxtensa-debug-module.a
LOAD c:/msys32/opt/xtensa-esp32-elf/bin/../lib/gcc/xtensa-esp32-elf/5.2.0\libgcc.a
LOAD c:/msys32/opt/xtensa-esp32-elf/bin/../lib/gcc/xtensa-esp32-elf/5.2.0/../../../../xtensa-esp32-elf/lib\libstdc++.a
LOAD c:/msys32/opt/xtensa-esp32-elf/bin/../lib/gcc/xtensa-esp32-elf/5.2.0\libgcov.a
END GROUP
                0x40000000                _heap_end = 0x40000000

.rtc.text       0x400c0000        0x0
                0x400c0000                . = ALIGN (0x4)
 *(.rtc.literal .rtc.text)
 *rtc_wake_stub*.o(.literal .text .literal.* .text.*)

.rtc.data       0x50000000        0x0
                0x50000000                _rtc_data_start = ABSOLUTE (.)
 *(.rtc.data)
 *(.rtc.rodata)
 *rtc_wake_stub*.o(.data .rodata .data.* .rodata.* .bss .bss.*)
                0x50000000                _rtc_data_end = ABSOLUTE (.)

.rtc.bss        0x50000000        0x0
                0x50000000                _rtc_bss_start = ABSOLUTE (.)
 *rtc_wake_stub*.o(.bss .bss.*)
 *rtc_wake_stub*.o(COMMON)
                0x50000000                _rtc_bss_end = ABSOLUTE (.)

.iram0.vectors  0x40080000      0x400
                0x40080000                _init_start = ABSOLUTE (.)
                0x00000000                . = 0x0
 *(.WindowVectors.text)
 .WindowVectors.text
                0x40080000      0x16a C:/msys32/home/AllyKalaf/ESP32-bridge/build/freertos\libfreertos.a(xtensa_vectors.o)
                0x40080000                _WindowOverflow4
                0x40080040                _WindowUnderflow4
                0x40080050                _xt_alloca_exc
                0x40080080                _WindowOverflow8
                0x400800c0                _WindowUnderflow8
                0x40080100                _WindowOverflow12
                0x40080140                _WindowUnderflow12
                0x00000180                . = 0x180
 *fill*         0x4008016a       0x16 
 *(.Level2InterruptVector.text)
 .Level2InterruptVector.text
                0x40080180        0x6 C:/msys32/home/AllyKalaf/ESP32-bridge/build/freertos\libfreertos.a(xtensa_vectors.o)
                0x40080180                _Level2Vector
                0x000001c0                . = 0x1c0
 *fill*         0x40080186       0x3a 
 *(.Level3InterruptVector.text)
 .Level3InterruptVector.text
                0x400801c0        0x6 C:/msys32/home/AllyKalaf/ESP32-bridge/build/freertos\libfreertos.a(xtensa_vectors.o)
                0x400801c0                _Level3Vector
                0x00000200                . = 0x200
 *fill*         0x400801c6       0x3a 
 *(.Level4InterruptVector.text)
 .Level4InterruptVector.text
                0x40080200        0x6 C:/msys32/home/AllyKalaf/ESP32-bridge/build/freertos\libfreertos.a(xtensa_vectors.o)
                0x40080200                _Level4Vector
                0x00000240                . = 0x240
 *fill*         0x40080206       0x3a 
 *(.Level5InterruptVector.text)
 .Level5InterruptVector.text
                0x40080240        0x6 C:/msys32/home/AllyKalaf/ESP32-bridge/build/freertos\libfreertos.a(xtensa_vectors.o)
                0x40080240                _Level5Vector
                0x00000280                . = 0x280
 *fill*         0x40080246       0x3a 
 *(.DebugExceptionVector.text)
 .DebugExceptionVector.text
                0x40080280        0x6 C:/msys32/home/AllyKalaf/ESP32-bridge/build/freertos\libfreertos.a(xtensa_vectors.o)
                0x40080280                _DebugExceptionVector
                0x000002c0                . = 0x2c0
 *fill*         0x40080286       0x3a 
 *(.NMIExceptionVector.text)
 .NMIExceptionVector.text
                0x400802c0        0x6 C:/msys32/home/AllyKalaf/ESP32-bridge/build/freertos\libfreertos.a(xtensa_vectors.o)
                0x400802c0                _NMIExceptionVector
                0x00000300                . = 0x300
 *fill*         0x400802c6       0x3a 
 *(.KernelExceptionVector.text)
 .KernelExceptionVector.text
                0x40080300        0x6 C:/msys32/home/AllyKalaf/ESP32-bridge/build/freertos\libfreertos.a(xtensa_vectors.o)
                0x40080300                _KernelExceptionVector
                0x00000340                . = 0x340
 *fill*         0x40080306       0x3a 
 *(.UserExceptionVector.text)
 .UserExceptionVector.text
                0x40080340        0x6 C:/msys32/home/AllyKalaf/ESP32-bridge/build/freertos\libfreertos.a(xtensa_vectors.o)
                0x40080340                _UserExceptionVector
                0x000003c0                . = 0x3c0
 *fill*         0x40080346       0x7a 
 *(.DoubleExceptionVector.text)
 .DoubleExceptionVector.text
                0x400803c0        0xf C:/msys32/home/AllyKalaf/ESP32-bridge/build/freertos\libfreertos.a(xtensa_vectors.o)
                0x400803c0                _DoubleExceptionVector
                0x00000400                . = 0x400
 *fill*         0x400803cf       0x31 
 *(.*Vector.literal)
 *(.UserEnter.literal)
 *(.UserEnter.text)
                0x40080400                . = ALIGN (0x10)
 *(.entry.text)
 *(.init.literal)
 *(.init)
                0x40080400                _init_end = ABSOLUTE (.)
                0x00000000                _iram_start = 0x0

.iram0.text     0x40080400     0x9638
                0x40080400                _iram_text_start = ABSOLUTE (.)
 *(.iram1 .iram1.*)
 .iram1.literal
                0x40080400       0xa8 C:/msys32/home/AllyKalaf/ESP32-bridge/build/esp32\libesp32.a(cpu_start.o)
                                0x1c4 (size before relaxing)
 .iram1.literal
                0x400804a8       0x24 C:/msys32/home/AllyKalaf/ESP32-bridge/build/esp32\libesp32.a(dport_panic_highint_hdl.o)
                                 0x28 (size before relaxing)
 .iram1.literal
                0x400804cc        0x8 C:/msys32/home/AllyKalaf/ESP32-bridge/build/esp32\libesp32.a(int_wdt.o)
                                  0xc (size before relaxing)
 .iram1.literal
                0x400804d4       0x64 C:/msys32/home/AllyKalaf/ESP32-bridge/build/esp32\libesp32.a(system_api.o)
                                 0xc0 (size before relaxing)
 .iram1.literal
                0x40080538       0x28 C:/msys32/home/AllyKalaf/ESP32-bridge/build/esp32\libesp32.a(dport_access.o)
                                 0x88 (size before relaxing)
 .iram1.literal
                0x40080560       0x24 C:/msys32/home/AllyKalaf/ESP32-bridge/build/esp32\libesp32.a(esp_timer.o)
                                 0x60 (size before relaxing)
 .iram1.literal
                0x40080584       0x20 C:/msys32/home/AllyKalaf/ESP32-bridge/build/esp32\libesp32.a(intr_alloc.o)
                                 0x7c (size before relaxing)
 .iram1.literal
                0x400805a4       0x20 C:/msys32/home/AllyKalaf/ESP32-bridge/build/esp32\libesp32.a(ipc.o)
                                 0x34 (size before relaxing)
 .iram1.literal
                0x400805c4        0xc C:/msys32/home/AllyKalaf/ESP32-bridge/build/esp32\libesp32.a(cache_err_int.o)
                                 0x18 (size before relaxing)
 .iram1.literal
                0x400805d0        0x4 C:/msys32/home/AllyKalaf/ESP32-bridge/build/esp32\libesp32.a(freertos_hooks.o)
 .iram1.literal
                0x400805d4        0xc C:/msys32/home/AllyKalaf/ESP32-bridge/build/esp32\libesp32.a(clk.o)
                                 0x18 (size before relaxing)
 .iram1.literal
                0x400805e0       0x58 C:/msys32/home/AllyKalaf/ESP32-bridge/build/esp32\libesp32.a(esp_timer_esp32.o)
                                 0xf0 (size before relaxing)
 .iram1.literal
                0x40080638       0x1c C:/msys32/home/AllyKalaf/ESP32-bridge/build/esp32\libesp32.a(crosscore_int.o)
                                 0x40 (size before relaxing)
 .iram1.literal
                0x40080654        0x4 C:/msys32/home/AllyKalaf/ESP32-bridge/build/freertos\libfreertos.a(port.o)
 .iram1.literal
                0x40080658       0x44 C:/msys32/home/AllyKalaf/ESP32-bridge/build/freertos\libfreertos.a(xtensa_vectors.o)
                                 0x68 (size before relaxing)
 .iram1.literal
                0x4008069c       0x58 C:/msys32/home/AllyKalaf/ESP32-bridge/build/heap\libheap.a(heap_caps.o)
                                 0xb0 (size before relaxing)
 .iram1.literal
                0x400806f4       0x24 C:/msys32/home/AllyKalaf/ESP32-bridge/build/log\liblog.a(log.o)
                                 0x48 (size before relaxing)
 .iram1.literal
                0x40080718       0x14 C:/msys32/home/AllyKalaf/ESP32-bridge/build/newlib\libnewlib.a(locks.o)
                                 0x90 (size before relaxing)
 .iram1.literal
                0x4008072c        0x0 C:/msys32/home/AllyKalaf/ESP32-bridge/build/newlib\libnewlib.a(syscalls.o)
                                 0x14 (size before relaxing)
 .iram1.literal
                0x4008072c        0x8 C:/msys32/home/AllyKalaf/ESP32-bridge/build/newlib\libnewlib.a(reent_init.o)
                                 0x10 (size before relaxing)
 .iram1.literal
                0x40080734        0x0 C:/msys32/home/AllyKalaf/ESP32-bridge/build/newlib\libnewlib.a(time.o)
                                 0x1c (size before relaxing)
 .iram1.literal
                0x40080734       0x1c C:/msys32/home/AllyKalaf/ESP32-bridge/build/soc\libsoc.a(cpu_util.o)
                                 0x30 (size before relaxing)
 .iram1.literal
                0x40080750       0x38 C:/msys32/home/AllyKalaf/ESP32-bridge/build/spi_flash\libspi_flash.a(flash_ops.o)
                                 0xe4 (size before relaxing)
 .iram1.literal
                0x40080788       0x50 C:/msys32/home/AllyKalaf/ESP32-bridge/build/spi_flash\libspi_flash.a(cache_utils.o)
                                0x114 (size before relaxing)
 .iram1.literal
                0x400807d8       0x4c C:/msys32/home/AllyKalaf/ESP32-bridge/build/spi_flash\libspi_flash.a(flash_mmap.o)
                                0x108 (size before relaxing)
 .literal.prvResetNextTaskUnblockTime
                0x40080824        0x8 C:/msys32/home/AllyKalaf/ESP32-bridge/build/freertos\libfreertos.a(tasks.o)
 .literal.prvDeleteTLS
                0x4008082c       0x10 C:/msys32/home/AllyKalaf/ESP32-bridge/build/freertos\libfreertos.a(tasks.o)
                                 0x18 (size before relaxing)
 .literal.prvInitialiseNewTask
                0x4008083c        0x0 C:/msys32/home/AllyKalaf/ESP32-bridge/build/freertos\libfreertos.a(tasks.o)
                                 0x18 (size before relaxing)
 .literal.prvInitialiseTaskLists
                0x4008083c       0x20 C:/msys32/home/AllyKalaf/ESP32-bridge/build/freertos\libfreertos.a(tasks.o)
                                 0x40 (size before relaxing)
 .literal.prvDeleteTCB
                0x4008085c        0x8 C:/msys32/home/AllyKalaf/ESP32-bridge/build/freertos\libfreertos.a(tasks.o)
                                 0x2c (size before relaxing)
 .literal.prvAddCurrentTaskToDelayedList
                0x40080864        0x4 C:/msys32/home/AllyKalaf/ESP32-bridge/build/freertos\libfreertos.a(tasks.o)
                                 0x1c (size before relaxing)
 .literal.taskYIELD_OTHER_CORE
                0x40080868        0x0 C:/msys32/home/AllyKalaf/ESP32-bridge/build/freertos\libfreertos.a(tasks.o)
                                 0x10 (size before relaxing)
 .literal.vTaskSuspendAll
                0x40080868        0x4 C:/msys32/home/AllyKalaf/ESP32-bridge/build/freertos\libfreertos.a(tasks.o)
                                  0x8 (size before relaxing)
 .literal.xTaskGetIdleTaskHandleForCPU
                0x4008086c        0xc C:/msys32/home/AllyKalaf/ESP32-bridge/build/freertos\libfreertos.a(tasks.o)
                                 0x1c (size before relaxing)
 .literal.vTaskSwitchContext
                0x40080878       0x18 C:/msys32/home/AllyKalaf/ESP32-bridge/build/freertos\libfreertos.a(tasks.o)
                                 0x3c (size before relaxing)
 .literal.vTaskSetTimeOutState
                0x40080890        0xc C:/msys32/home/AllyKalaf/ESP32-bridge/build/freertos\libfreertos.a(tasks.o)
                                 0x20 (size before relaxing)
 .literal.xTaskGetCurrentTaskHandle
                0x4008089c        0x0 C:/msys32/home/AllyKalaf/ESP32-bridge/build/freertos\libfreertos.a(tasks.o)
                                  0x8 (size before relaxing)
 .literal.__getreent
                0x4008089c        0x0 C:/msys32/home/AllyKalaf/ESP32-bridge/build/freertos\libfreertos.a(tasks.o)
                                  0x8 (size before relaxing)
 .literal.pcTaskGetTaskName
                0x4008089c        0x8 C:/msys32/home/AllyKalaf/ESP32-bridge/build/freertos\libfreertos.a(tasks.o)
                                 0x1c (size before relaxing)
 .literal.xTaskGetAffinity
                0x400808a4        0x0 C:/msys32/home/AllyKalaf/ESP32-bridge/build/freertos\libfreertos.a(tasks.o)
                                  0x4 (size before relaxing)
 .literal.xTaskGetCurrentTaskHandleForCPU
                0x400808a4        0x0 C:/msys32/home/AllyKalaf/ESP32-bridge/build/freertos\libfreertos.a(tasks.o)
                                  0x4 (size before relaxing)
 .literal.xTaskGetSchedulerState
                0x400808a4        0x4 C:/msys32/home/AllyKalaf/ESP32-bridge/build/freertos\libfreertos.a(tasks.o)
                                  0xc (size before relaxing)
 .literal.vTaskEnterCritical
                0x400808a8       0x20 C:/msys32/home/AllyKalaf/ESP32-bridge/build/freertos\libfreertos.a(tasks.o)
                                 0x34 (size before relaxing)
 .literal.vTaskExitCritical
                0x400808c8       0x10 C:/msys32/home/AllyKalaf/ESP32-bridge/build/freertos\libfreertos.a(tasks.o)
                                 0x30 (size before relaxing)
 .literal.prvAddNewTaskToReadyList
                0x400808d8       0x10 C:/msys32/home/AllyKalaf/ESP32-bridge/build/freertos\libfreertos.a(tasks.o)
                                 0x58 (size before relaxing)
 .literal.xTaskCreatePinnedToCore
                0x400808e8        0x0 C:/msys32/home/AllyKalaf/ESP32-bridge/build/freertos\libfreertos.a(tasks.o)
                                 0x18 (size before relaxing)
 .literal.vTaskStartScheduler
                0x400808e8       0x10 C:/msys32/home/AllyKalaf/ESP32-bridge/build/freertos\libfreertos.a(tasks.o)
                                 0x38 (size before relaxing)
 .literal.vTaskDelete
                0x400808f8        0x8 C:/msys32/home/AllyKalaf/ESP32-bridge/build/freertos\libfreertos.a(tasks.o)
                                 0x60 (size before relaxing)
 .literal.prvCheckTasksWaitingTermination
                0x40080900        0x8 C:/msys32/home/AllyKalaf/ESP32-bridge/build/freertos\libfreertos.a(tasks.o)
                                 0x30 (size before relaxing)
 .literal.prvIdleTask
                0x40080908        0x0 C:/msys32/home/AllyKalaf/ESP32-bridge/build/freertos\libfreertos.a(tasks.o)
                                  0xc (size before relaxing)
 .literal.xTaskGetTickCount
                0x40080908        0x4 C:/msys32/home/AllyKalaf/ESP32-bridge/build/freertos\libfreertos.a(tasks.o)
                                 0x10 (size before relaxing)
 .literal.xTaskIncrementTick
                0x4008090c        0xc C:/msys32/home/AllyKalaf/ESP32-bridge/build/freertos\libfreertos.a(tasks.o)
                                 0x78 (size before relaxing)
 .literal.xTaskResumeAll
                0x40080918        0x8 C:/msys32/home/AllyKalaf/ESP32-bridge/build/freertos\libfreertos.a(tasks.o)
                                 0x5c (size before relaxing)
 .literal.vTaskPlaceOnEventList
                0x40080920        0x8 C:/msys32/home/AllyKalaf/ESP32-bridge/build/freertos\libfreertos.a(tasks.o)
                                 0x40 (size before relaxing)
 .literal.vTaskPlaceOnEventListRestricted
                0x40080928        0x8 C:/msys32/home/AllyKalaf/ESP32-bridge/build/freertos\libfreertos.a(tasks.o)
                                 0x38 (size before relaxing)
 .literal.xTaskRemoveFromEventList
                0x40080930        0x8 C:/msys32/home/AllyKalaf/ESP32-bridge/build/freertos\libfreertos.a(tasks.o)
                                 0x58 (size before relaxing)
 .literal.xTaskCheckForTimeOut
                0x40080938        0xc C:/msys32/home/AllyKalaf/ESP32-bridge/build/freertos\libfreertos.a(tasks.o)
                                 0x3c (size before relaxing)
 .literal.vTaskPriorityInherit
                0x40080944        0x0 C:/msys32/home/AllyKalaf/ESP32-bridge/build/freertos\libfreertos.a(tasks.o)
                                 0x2c (size before relaxing)
 .literal.xTaskPriorityDisinherit
                0x40080944        0x8 C:/msys32/home/AllyKalaf/ESP32-bridge/build/freertos\libfreertos.a(tasks.o)
                                 0x40 (size before relaxing)
 .literal.pvTaskIncrementMutexHeldCount
                0x4008094c        0x0 C:/msys32/home/AllyKalaf/ESP32-bridge/build/freertos\libfreertos.a(tasks.o)
                                 0x10 (size before relaxing)
 .literal.pxPortInitialiseStack
                0x4008094c       0x10 C:/msys32/home/AllyKalaf/ESP32-bridge/build/freertos\libfreertos.a(port.o)
                                 0x18 (size before relaxing)
 .literal.xPortStartScheduler
                0x4008095c        0x0 C:/msys32/home/AllyKalaf/ESP32-bridge/build/freertos\libfreertos.a(port.o)
                                 0x14 (size before relaxing)
 .literal.xPortSysTickHandler
                0x4008095c        0x0 C:/msys32/home/AllyKalaf/ESP32-bridge/build/freertos\libfreertos.a(port.o)
                                  0x8 (size before relaxing)
 .literal.vPortYieldOtherCore
                0x4008095c        0x0 C:/msys32/home/AllyKalaf/ESP32-bridge/build/freertos\libfreertos.a(port.o)
                                  0x4 (size before relaxing)
 .literal.vPortReleaseTaskMPUSettings
                0x4008095c        0x0 C:/msys32/home/AllyKalaf/ESP32-bridge/build/freertos\libfreertos.a(port.o)
                                  0x4 (size before relaxing)
 .literal.xPortInIsrContext
                0x4008095c        0x0 C:/msys32/home/AllyKalaf/ESP32-bridge/build/freertos\libfreertos.a(port.o)
                                  0x8 (size before relaxing)
 .literal.vPortCPUInitializeMutex
                0x4008095c        0x0 C:/msys32/home/AllyKalaf/ESP32-bridge/build/freertos\libfreertos.a(port.o)
                                  0x4 (size before relaxing)
 .literal.vPortCPUAcquireMutex
                0x4008095c       0x14 C:/msys32/home/AllyKalaf/ESP32-bridge/build/freertos\libfreertos.a(port.o)
                                 0x30 (size before relaxing)
 .literal.vPortCPUReleaseMutex
                0x40080970       0x10 C:/msys32/home/AllyKalaf/ESP32-bridge/build/freertos\libfreertos.a(port.o)
                                 0x28 (size before relaxing)
 .literal._xt_tick_divisor_init
                0x40080980        0x8 C:/msys32/home/AllyKalaf/ESP32-bridge/build/freertos\libfreertos.a(xtensa_init.o)
                                  0xc (size before relaxing)
 .literal.prvIsQueueFull
                0x40080988        0x0 C:/msys32/home/AllyKalaf/ESP32-bridge/build/freertos\libfreertos.a(queue.o)
                                  0x8 (size before relaxing)
 .literal.prvCopyDataToQueue
                0x40080988        0x0 C:/msys32/home/AllyKalaf/ESP32-bridge/build/freertos\libfreertos.a(queue.o)
                                  0xc (size before relaxing)
 .literal.prvNotifyQueueSetContainer
                0x40080988       0x14 C:/msys32/home/AllyKalaf/ESP32-bridge/build/freertos\libfreertos.a(queue.o)
                                 0x2c (size before relaxing)
 .literal.prvCopyDataFromQueue
                0x4008099c        0x0 C:/msys32/home/AllyKalaf/ESP32-bridge/build/freertos\libfreertos.a(queue.o)
                                  0x4 (size before relaxing)
 .literal.xQueueGenericReset
                0x4008099c        0x4 C:/msys32/home/AllyKalaf/ESP32-bridge/build/freertos\libfreertos.a(queue.o)
                                 0x30 (size before relaxing)
 .literal.prvInitialiseNewQueue
                0x400809a0        0x0 C:/msys32/home/AllyKalaf/ESP32-bridge/build/freertos\libfreertos.a(queue.o)
                                  0x4 (size before relaxing)
 .literal.xQueueGenericCreate
                0x400809a0        0x4 C:/msys32/home/AllyKalaf/ESP32-bridge/build/freertos\libfreertos.a(queue.o)
                                 0x1c (size before relaxing)
 .literal.xQueueGetMutexHolder
                0x400809a4        0x0 C:/msys32/home/AllyKalaf/ESP32-bridge/build/freertos\libfreertos.a(queue.o)
                                  0x8 (size before relaxing)
 .literal.xQueueCreateCountingSemaphore
                0x400809a4        0x4 C:/msys32/home/AllyKalaf/ESP32-bridge/build/freertos\libfreertos.a(queue.o)
                                 0x28 (size before relaxing)
 .literal.xQueueGenericSend
                0x400809a8        0x4 C:/msys32/home/AllyKalaf/ESP32-bridge/build/freertos\libfreertos.a(queue.o)
                                 0x7c (size before relaxing)
 .literal.prvInitialiseMutex
                0x400809ac        0x0 C:/msys32/home/AllyKalaf/ESP32-bridge/build/freertos\libfreertos.a(queue.o)
                                  0x8 (size before relaxing)
 .literal.xQueueCreateMutex
                0x400809ac        0x0 C:/msys32/home/AllyKalaf/ESP32-bridge/build/freertos\libfreertos.a(queue.o)
                                  0x8 (size before relaxing)
 .literal.xQueueGiveMutexRecursive
                0x400809ac        0x4 C:/msys32/home/AllyKalaf/ESP32-bridge/build/freertos\libfreertos.a(queue.o)
                                 0x1c (size before relaxing)
 .literal.xQueueGenericSendFromISR
                0x400809b0        0x4 C:/msys32/home/AllyKalaf/ESP32-bridge/build/freertos\libfreertos.a(queue.o)
                                 0x3c (size before relaxing)
 .literal.xQueueGiveFromISR
                0x400809b4        0x4 C:/msys32/home/AllyKalaf/ESP32-bridge/build/freertos\libfreertos.a(queue.o)
                                 0x30 (size before relaxing)
 .literal.xQueueGenericReceive
                0x400809b8        0x4 C:/msys32/home/AllyKalaf/ESP32-bridge/build/freertos\libfreertos.a(queue.o)
                                 0x78 (size before relaxing)
 .literal.xQueueTakeMutexRecursive
                0x400809bc        0x4 C:/msys32/home/AllyKalaf/ESP32-bridge/build/freertos\libfreertos.a(queue.o)
                                 0x1c (size before relaxing)
 .literal.xQueueReceiveFromISR
                0x400809c0        0x4 C:/msys32/home/AllyKalaf/ESP32-bridge/build/freertos\libfreertos.a(queue.o)
                                 0x30 (size before relaxing)
 .literal.uxQueueSpacesAvailable
                0x400809c4        0x4 C:/msys32/home/AllyKalaf/ESP32-bridge/build/freertos\libfreertos.a(queue.o)
                                 0x1c (size before relaxing)
 .literal.vQueueDelete
                0x400809c8        0x4 C:/msys32/home/AllyKalaf/ESP32-bridge/build/freertos\libfreertos.a(queue.o)
                                 0x18 (size before relaxing)
 .literal.vQueueWaitForMessageRestricted
                0x400809cc        0x0 C:/msys32/home/AllyKalaf/ESP32-bridge/build/freertos\libfreertos.a(queue.o)
                                  0xc (size before relaxing)
 .literal.xt_unhandled_interrupt
                0x400809cc        0x4 C:/msys32/home/AllyKalaf/ESP32-bridge/build/freertos\libfreertos.a(xtensa_intr.o)
                                  0x8 (size before relaxing)
 .literal.xt_set_interrupt_handler
                0x400809d0        0x8 C:/msys32/home/AllyKalaf/ESP32-bridge/build/freertos\libfreertos.a(xtensa_intr.o)
                                  0xc (size before relaxing)
 .literal       0x400809d8        0xc C:/msys32/home/AllyKalaf/ESP32-bridge/build/freertos\libfreertos.a(portasm.o)
                                 0x54 (size before relaxing)
 .literal       0x400809e4        0x0 C:/msys32/home/AllyKalaf/ESP32-bridge/build/freertos\libfreertos.a(xtensa_context.o)
                                 0x10 (size before relaxing)
 .literal.prvGetNextExpireTime
                0x400809e4        0x4 C:/msys32/home/AllyKalaf/ESP32-bridge/build/freertos\libfreertos.a(timers.o)
 .literal.prvInsertTimerInActiveList
                0x400809e8        0x4 C:/msys32/home/AllyKalaf/ESP32-bridge/build/freertos\libfreertos.a(timers.o)
                                 0x10 (size before relaxing)
 .literal.prvCheckForValidListAndQueue
                0x400809ec       0x1c C:/msys32/home/AllyKalaf/ESP32-bridge/build/freertos\libfreertos.a(timers.o)
                                 0x44 (size before relaxing)
 .literal.xTimerCreateTimerTask
                0x40080a08       0x10 C:/msys32/home/AllyKalaf/ESP32-bridge/build/freertos\libfreertos.a(timers.o)
                                 0x2c (size before relaxing)
 .literal.xTimerGenericCommand
                0x40080a18        0x0 C:/msys32/home/AllyKalaf/ESP32-bridge/build/freertos\libfreertos.a(timers.o)
                                 0x14 (size before relaxing)
 .literal.prvSwitchTimerLists
                0x40080a18        0x4 C:/msys32/home/AllyKalaf/ESP32-bridge/build/freertos\libfreertos.a(timers.o)
                                 0x28 (size before relaxing)
 .literal.prvSampleTimeNow
                0x40080a1c        0x4 C:/msys32/home/AllyKalaf/ESP32-bridge/build/freertos\libfreertos.a(timers.o)
                                  0xc (size before relaxing)
 .literal.prvProcessExpiredTimer
                0x40080a20        0x4 C:/msys32/home/AllyKalaf/ESP32-bridge/build/freertos\libfreertos.a(timers.o)
                                 0x24 (size before relaxing)
 .literal.prvProcessTimerOrBlockTask
                0x40080a24        0x0 C:/msys32/home/AllyKalaf/ESP32-bridge/build/freertos\libfreertos.a(timers.o)
                                 0x24 (size before relaxing)
 .literal.prvProcessReceivedCommands
                0x40080a24        0x8 C:/msys32/home/AllyKalaf/ESP32-bridge/build/freertos\libfreertos.a(timers.o)
                                 0x40 (size before relaxing)
 .literal.prvTimerTask
                0x40080a2c        0x0 C:/msys32/home/AllyKalaf/ESP32-bridge/build/freertos\libfreertos.a(timers.o)
                                  0xc (size before relaxing)
 .literal.prvReturnItemByteBuf
                0x40080a2c        0xc C:/msys32/home/AllyKalaf/ESP32-bridge/build/freertos\libfreertos.a(ringbuf.o)
                                 0x1c (size before relaxing)
 .literal.prvGetItemByteBuf
                0x40080a38        0x4 C:/msys32/home/AllyKalaf/ESP32-bridge/build/freertos\libfreertos.a(ringbuf.o)
                                 0x24 (size before relaxing)
 .literal.prvCheckItemFitsByteBuffer
                0x40080a3c        0x4 C:/msys32/home/AllyKalaf/ESP32-bridge/build/freertos\libfreertos.a(ringbuf.o)
                                 0x14 (size before relaxing)
 .literal.prvReturnItemDefault
                0x40080a40        0x4 C:/msys32/home/AllyKalaf/ESP32-bridge/build/freertos\libfreertos.a(ringbuf.o)
                                 0x44 (size before relaxing)
 .literal.prvGetItemDefault
                0x40080a44        0x4 C:/msys32/home/AllyKalaf/ESP32-bridge/build/freertos\libfreertos.a(ringbuf.o)
                                 0x4c (size before relaxing)
 .literal.prvCheckItemFitsDefault
                0x40080a48        0x4 C:/msys32/home/AllyKalaf/ESP32-bridge/build/freertos\libfreertos.a(ringbuf.o)
                                 0x1c (size before relaxing)
 .literal.prvGetFreeSize
                0x40080a4c        0x4 C:/msys32/home/AllyKalaf/ESP32-bridge/build/freertos\libfreertos.a(ringbuf.o)
                                 0x14 (size before relaxing)
 .literal.prvCopyItemByteBuf
                0x40080a50        0x4 C:/msys32/home/AllyKalaf/ESP32-bridge/build/freertos\libfreertos.a(ringbuf.o)
                                 0x1c (size before relaxing)
 .literal.prvCopyItemAllowSplit
                0x40080a54        0x4 C:/msys32/home/AllyKalaf/ESP32-bridge/build/freertos\libfreertos.a(ringbuf.o)
                                 0x2c (size before relaxing)
 .literal.prvCopyItemNoSplit
                0x40080a58        0x4 C:/msys32/home/AllyKalaf/ESP32-bridge/build/freertos\libfreertos.a(ringbuf.o)
                                 0x28 (size before relaxing)
 .literal.prvReceiveGeneric
                0x40080a5c        0x4 C:/msys32/home/AllyKalaf/ESP32-bridge/build/freertos\libfreertos.a(ringbuf.o)
                                 0x3c (size before relaxing)
 .literal.prvReceiveGenericFromISR
                0x40080a60        0x4 C:/msys32/home/AllyKalaf/ESP32-bridge/build/freertos\libfreertos.a(ringbuf.o)
                                 0x2c (size before relaxing)
 .literal.xRingbufferCreate
                0x40080a64       0x38 C:/msys32/home/AllyKalaf/ESP32-bridge/build/freertos\libfreertos.a(ringbuf.o)
                                 0x6c (size before relaxing)
 .literal.xRingbufferSend
                0x40080a9c        0x4 C:/msys32/home/AllyKalaf/ESP32-bridge/build/freertos\libfreertos.a(ringbuf.o)
                                 0x40 (size before relaxing)
 .literal.xRingbufferSendFromISR
                0x40080aa0        0x4 C:/msys32/home/AllyKalaf/ESP32-bridge/build/freertos\libfreertos.a(ringbuf.o)
                                 0x30 (size before relaxing)
 .literal.xRingbufferReceive
                0x40080aa4        0x4 C:/msys32/home/AllyKalaf/ESP32-bridge/build/freertos\libfreertos.a(ringbuf.o)
                                 0x18 (size before relaxing)
 .literal.xRingbufferReceiveFromISR
                0x40080aa8        0x4 C:/msys32/home/AllyKalaf/ESP32-bridge/build/freertos\libfreertos.a(ringbuf.o)
                                 0x18 (size before relaxing)
 .literal.vRingbufferReturnItem
                0x40080aac        0x4 C:/msys32/home/AllyKalaf/ESP32-bridge/build/freertos\libfreertos.a(ringbuf.o)
                                 0x28 (size before relaxing)
 .literal.vRingbufferReturnItemFromISR
                0x40080ab0        0x4 C:/msys32/home/AllyKalaf/ESP32-bridge/build/freertos\libfreertos.a(ringbuf.o)
                                 0x28 (size before relaxing)
 .literal.vRingbufferDelete
                0x40080ab4        0x4 C:/msys32/home/AllyKalaf/ESP32-bridge/build/freertos\libfreertos.a(ringbuf.o)
                                 0x24 (size before relaxing)
 .literal.xRingbufferGetMaxItemSize
                0x40080ab8        0x4 C:/msys32/home/AllyKalaf/ESP32-bridge/build/freertos\libfreertos.a(ringbuf.o)
                                 0x14 (size before relaxing)
 .literal.get_prev_free_block
                0x40080abc       0x10 C:/msys32/home/AllyKalaf/ESP32-bridge/build/heap\libheap.a(multi_heap.o)
                                 0x28 (size before relaxing)
 .literal.split_if_necessary
                0x40080acc       0x10 C:/msys32/home/AllyKalaf/ESP32-bridge/build/heap\libheap.a(multi_heap.o)
                                 0x50 (size before relaxing)
 .literal.assert_valid_block
                0x40080adc        0x0 C:/msys32/home/AllyKalaf/ESP32-bridge/build/heap\libheap.a(multi_heap.o)
                                 0x2c (size before relaxing)
 .literal.merge_adjacent
                0x40080adc        0x8 C:/msys32/home/AllyKalaf/ESP32-bridge/build/heap\libheap.a(multi_heap.o)
                                 0x4c (size before relaxing)
 .literal.multi_heap_get_allocated_size_impl
                0x40080ae4        0x0 C:/msys32/home/AllyKalaf/ESP32-bridge/build/heap\libheap.a(multi_heap.o)
                                 0x10 (size before relaxing)
 .literal.multi_heap_malloc_impl
                0x40080ae4        0x0 C:/msys32/home/AllyKalaf/ESP32-bridge/build/heap\libheap.a(multi_heap.o)
                                 0x28 (size before relaxing)
 .literal.multi_heap_free_impl
                0x40080ae4        0x0 C:/msys32/home/AllyKalaf/ESP32-bridge/build/heap\libheap.a(multi_heap.o)
                                 0x50 (size before relaxing)
 .literal.multi_heap_realloc_impl
                0x40080ae4        0x8 C:/msys32/home/AllyKalaf/ESP32-bridge/build/heap\libheap.a(multi_heap.o)
                                 0x68 (size before relaxing)
 .literal.panicPutChar
                0x40080aec        0x8 C:/msys32/home/AllyKalaf/ESP32-bridge/build/esp32\libesp32.a(panic.o)
 .literal.panicPutStr
                0x40080af4        0x0 C:/msys32/home/AllyKalaf/ESP32-bridge/build/esp32\libesp32.a(panic.o)
                                  0x4 (size before relaxing)
 .literal.panicPutHex
                0x40080af4        0x0 C:/msys32/home/AllyKalaf/ESP32-bridge/build/esp32\libesp32.a(panic.o)
                                  0x8 (size before relaxing)
 .literal.panicPutDec
                0x40080af4        0x4 C:/msys32/home/AllyKalaf/ESP32-bridge/build/esp32\libesp32.a(panic.o)
                                 0x10 (size before relaxing)
 .literal.reconfigureAllWdts
                0x40080af8       0x10 C:/msys32/home/AllyKalaf/ESP32-bridge/build/esp32\libesp32.a(panic.o)
                                 0x24 (size before relaxing)
 .literal.putEntry
                0x40080b08       0x10 C:/msys32/home/AllyKalaf/ESP32-bridge/build/esp32\libesp32.a(panic.o)
                                 0x20 (size before relaxing)
 .literal.doBacktrace
                0x40080b18       0x10 C:/msys32/home/AllyKalaf/ESP32-bridge/build/esp32\libesp32.a(panic.o)
                                 0x24 (size before relaxing)
 .literal.invoke_abort
                0x40080b28        0x4 C:/msys32/home/AllyKalaf/ESP32-bridge/build/esp32\libesp32.a(panic.o)
                                  0x8 (size before relaxing)
 .literal.haltOtherCore
                0x40080b2c        0x0 C:/msys32/home/AllyKalaf/ESP32-bridge/build/esp32\libesp32.a(panic.o)
                                  0x4 (size before relaxing)
 .literal.esp_panic_wdt_start
                0x40080b2c       0x14 C:/msys32/home/AllyKalaf/ESP32-bridge/build/esp32\libesp32.a(panic.o)
                                 0x2c (size before relaxing)
 .literal.commonErrorHandler_dump
                0x40080b40       0x30 C:/msys32/home/AllyKalaf/ESP32-bridge/build/esp32\libesp32.a(panic.o)
                                 0x90 (size before relaxing)
 .literal.esp_panic_dig_reset
                0x40080b70        0x0 C:/msys32/home/AllyKalaf/ESP32-bridge/build/esp32\libesp32.a(panic.o)
                                 0x14 (size before relaxing)
 .literal.abort
                0x40080b70        0x8 C:/msys32/home/AllyKalaf/ESP32-bridge/build/esp32\libesp32.a(panic.o)
                                 0x10 (size before relaxing)
 .literal.vApplicationStackOverflowHook
                0x40080b78        0x8 C:/msys32/home/AllyKalaf/ESP32-bridge/build/esp32\libesp32.a(panic.o)
                                 0x18 (size before relaxing)
 .literal.esp_panic_wdt_stop
                0x40080b80        0x0 C:/msys32/home/AllyKalaf/ESP32-bridge/build/esp32\libesp32.a(panic.o)
                                 0x18 (size before relaxing)
 .literal.commonErrorHandler
                0x40080b80        0x4 C:/msys32/home/AllyKalaf/ESP32-bridge/build/esp32\libesp32.a(panic.o)
                                 0x28 (size before relaxing)
 .literal.panicHandler
                0x40080b84       0x34 C:/msys32/home/AllyKalaf/ESP32-bridge/build/esp32\libesp32.a(panic.o)
                                 0xa4 (size before relaxing)
 .literal.xt_unhandled_exception
                0x40080bb8       0x14 C:/msys32/home/AllyKalaf/ESP32-bridge/build/esp32\libesp32.a(panic.o)
                                 0x60 (size before relaxing)
 .literal._esp_error_check_failed
                0x40080bcc        0xc C:/msys32/home/AllyKalaf/ESP32-bridge/build/esp32\libesp32.a(panic.o)
                                 0x1c (size before relaxing)
 .literal.rtc_clk_32k_enable_internal
                0x40080bd8       0x14 C:/msys32/home/AllyKalaf/ESP32-bridge/build/soc\libsoc.a(rtc_clk.o)
 .literal.rtc_clk_32k_enable
                0x40080bec        0x4 C:/msys32/home/AllyKalaf/ESP32-bridge/build/soc\libsoc.a(rtc_clk.o)
                                  0xc (size before relaxing)
 .literal.rtc_clk_32k_bootstrap
                0x40080bf0        0xc C:/msys32/home/AllyKalaf/ESP32-bridge/build/soc\libsoc.a(rtc_clk.o)
                                 0x34 (size before relaxing)
 .literal.rtc_clk_slow_freq_set
                0x40080bfc        0x4 C:/msys32/home/AllyKalaf/ESP32-bridge/build/soc\libsoc.a(rtc_clk.o)
                                  0xc (size before relaxing)
 .literal.rtc_clk_slow_freq_get
                0x40080c00        0x0 C:/msys32/home/AllyKalaf/ESP32-bridge/build/soc\libsoc.a(rtc_clk.o)
                                  0x4 (size before relaxing)
 .literal.rtc_clk_slow_freq_get_hz
                0x40080c00        0xc C:/msys32/home/AllyKalaf/ESP32-bridge/build/soc\libsoc.a(rtc_clk.o)
                                 0x10 (size before relaxing)
 .literal.rtc_clk_fast_freq_set
                0x40080c0c        0x4 C:/msys32/home/AllyKalaf/ESP32-bridge/build/soc\libsoc.a(rtc_clk.o)
                                  0xc (size before relaxing)
 .literal.rtc_clk_bbpll_set
                0x40080c10        0xc C:/msys32/home/AllyKalaf/ESP32-bridge/build/soc\libsoc.a(rtc_clk.o)
                                 0x38 (size before relaxing)
 .literal.rtc_clk_xtal_freq_get
                0x40080c1c        0xc C:/msys32/home/AllyKalaf/ESP32-bridge/build/soc\libsoc.a(rtc_clk.o)
                                 0x1c (size before relaxing)
 .literal.rtc_clk_cpu_freq_get
                0x40080c28       0x14 C:/msys32/home/AllyKalaf/ESP32-bridge/build/soc\libsoc.a(rtc_clk.o)
                                 0x2c (size before relaxing)
 .literal.rtc_clk_cpu_freq_value
                0x40080c3c       0x1c C:/msys32/home/AllyKalaf/ESP32-bridge/build/soc\libsoc.a(rtc_clk.o)
                                 0x2c (size before relaxing)
 .literal.rtc_clk_apb_freq_update
                0x40080c58        0x4 C:/msys32/home/AllyKalaf/ESP32-bridge/build/soc\libsoc.a(rtc_clk.o)
                                  0x8 (size before relaxing)
 .literal.rtc_clk_cpu_freq_set
                0x40080c5c       0x1c C:/msys32/home/AllyKalaf/ESP32-bridge/build/soc\libsoc.a(rtc_clk.o)
                                 0x88 (size before relaxing)
 .literal.rtc_clk_apb_freq_get
                0x40080c78        0x8 C:/msys32/home/AllyKalaf/ESP32-bridge/build/soc\libsoc.a(rtc_clk.o)
                                 0x14 (size before relaxing)
 .literal.rtc_clk_cal_internal
                0x40080c80       0x14 C:/msys32/home/AllyKalaf/ESP32-bridge/build/soc\libsoc.a(rtc_time.o)
                                 0x3c (size before relaxing)
 .literal.rtc_clk_cal
                0x40080c94        0x0 C:/msys32/home/AllyKalaf/ESP32-bridge/build/soc\libsoc.a(rtc_time.o)
                                  0xc (size before relaxing)
 .literal.rtc_time_get
                0x40080c94       0x10 C:/msys32/home/AllyKalaf/ESP32-bridge/build/soc\libsoc.a(rtc_time.o)
                                 0x18 (size before relaxing)
 .literal.rtc_clk_wait_for_slow_cycle
                0x40080ca4        0x8 C:/msys32/home/AllyKalaf/ESP32-bridge/build/soc\libsoc.a(rtc_time.o)
                                 0x20 (size before relaxing)
 .literal.rtc_init
                0x40080cac       0x7c C:/msys32/home/AllyKalaf/ESP32-bridge/build/soc\libsoc.a(rtc_init.o)
                                 0xdc (size before relaxing)
 .literal       0x40080d28        0x0 C:/msys32/home/AllyKalaf/esp/esp-idf/components/esp32/libhal.a(windowspill_asm.o)
                                  0x4 (size before relaxing)
 .literal.esp_rom_spiflash_read_status
                0x40080d28       0x10 C:/msys32/home/AllyKalaf/ESP32-bridge/build/spi_flash\libspi_flash.a(spi_flash_rom_patch.o)
                                 0x14 (size before relaxing)
 .literal.esp_rom_spiflash_wait_idle
                0x40080d38        0x8 C:/msys32/home/AllyKalaf/ESP32-bridge/build/spi_flash\libspi_flash.a(spi_flash_rom_patch.o)
                                  0xc (size before relaxing)
 .literal.esp_rom_spiflash_erase_block_internal
                0x40080d40        0x4 C:/msys32/home/AllyKalaf/ESP32-bridge/build/spi_flash\libspi_flash.a(spi_flash_rom_patch.o)
                                 0x18 (size before relaxing)
 .literal.esp_rom_spiflash_erase_sector_internal
                0x40080d44        0x0 C:/msys32/home/AllyKalaf/ESP32-bridge/build/spi_flash\libspi_flash.a(spi_flash_rom_patch.o)
                                 0x18 (size before relaxing)
 .literal.esp_rom_spiflash_read_data
                0x40080d44       0x18 C:/msys32/home/AllyKalaf/ESP32-bridge/build/spi_flash\libspi_flash.a(spi_flash_rom_patch.o)
                                 0x34 (size before relaxing)
 .literal.esp_rom_spiflash_enable_write
                0x40080d5c        0x0 C:/msys32/home/AllyKalaf/ESP32-bridge/build/spi_flash\libspi_flash.a(spi_flash_rom_patch.o)
                                 0x10 (size before relaxing)
 .literal.esp_rom_spiflash_program_page_internal
                0x40080d5c       0x10 C:/msys32/home/AllyKalaf/ESP32-bridge/build/spi_flash\libspi_flash.a(spi_flash_rom_patch.o)
                                 0x40 (size before relaxing)
 .literal.esp_rom_spiflash_read_statushigh
                0x40080d6c        0x4 C:/msys32/home/AllyKalaf/ESP32-bridge/build/spi_flash\libspi_flash.a(spi_flash_rom_patch.o)
                                  0xc (size before relaxing)
 .literal.esp_rom_spiflash_write_status
                0x40080d70        0x4 C:/msys32/home/AllyKalaf/ESP32-bridge/build/spi_flash\libspi_flash.a(spi_flash_rom_patch.o)
                                 0x14 (size before relaxing)
 .literal.esp_rom_spiflash_unlock
                0x40080d74        0x8 C:/msys32/home/AllyKalaf/ESP32-bridge/build/spi_flash\libspi_flash.a(spi_flash_rom_patch.o)
                                 0x28 (size before relaxing)
 .literal.esp_rom_spiflash_erase_block
                0x40080d7c        0xc C:/msys32/home/AllyKalaf/ESP32-bridge/build/spi_flash\libspi_flash.a(spi_flash_rom_patch.o)
                                 0x20 (size before relaxing)
 .literal.esp_rom_spiflash_erase_sector
                0x40080d88        0x0 C:/msys32/home/AllyKalaf/ESP32-bridge/build/spi_flash\libspi_flash.a(spi_flash_rom_patch.o)
                                 0x20 (size before relaxing)
 .literal.esp_rom_spiflash_write
                0x40080d88        0x0 C:/msys32/home/AllyKalaf/ESP32-bridge/build/spi_flash\libspi_flash.a(spi_flash_rom_patch.o)
                                 0x28 (size before relaxing)
 .literal.esp_rom_spiflash_write_encrypted
                0x40080d88        0xc C:/msys32/home/AllyKalaf/ESP32-bridge/build/spi_flash\libspi_flash.a(spi_flash_rom_patch.o)
                                 0x10 (size before relaxing)
 .literal.esp_rom_spiflash_read
                0x40080d94       0x30 C:/msys32/home/AllyKalaf/ESP32-bridge/build/spi_flash\libspi_flash.a(spi_flash_rom_patch.o)
                                 0x5c (size before relaxing)
 .literal       0x40080dc4       0x10 C:/msys32/home/AllyKalaf/esp/esp-idf/components/newlib/lib/libm.a(lib_a-s_fpclassify.o)
                                 0x18 (size before relaxing)
 .iram1         0x40080dd4      0x27e C:/msys32/home/AllyKalaf/ESP32-bridge/build/esp32\libesp32.a(cpu_start.o)
                                0x336 (size before relaxing)
                0x40080dd4                start_cpu0_default
                0x40080dd4                start_cpu0
                0x40080ea4                start_cpu1
                0x40080ea4                start_cpu1_default
                0x40080f20                call_start_cpu0
 *fill*         0x40081052        0x2 
 .iram1         0x40081054       0xda C:/msys32/home/AllyKalaf/ESP32-bridge/build/esp32\libesp32.a(dport_panic_highint_hdl.o)
                0x40081054                xt_highint4
                0x4008112e                ld_include_panic_highint_hdl
 *fill*         0x4008112e        0x2 
 .iram1         0x40081130       0x53 C:/msys32/home/AllyKalaf/ESP32-bridge/build/esp32\libesp32.a(int_wdt.o)
 *fill*         0x40081183        0x1 
 .iram1         0x40081184      0x1e1 C:/msys32/home/AllyKalaf/ESP32-bridge/build/esp32\libesp32.a(system_api.o)
                                0x21c (size before relaxing)
                0x400811fc                esp_restart_noos
                0x40081344                system_restart
                0x40081344                esp_restart
 *fill*         0x40081365        0x3 
 .iram1         0x40081368      0x1e3 C:/msys32/home/AllyKalaf/ESP32-bridge/build/esp32\libesp32.a(dport_access.o)
                                0x1ef (size before relaxing)
                0x40081368                esp_dport_access_stall_other_cpu_start
                0x40081418                esp_dport_access_stall_other_cpu_end
                0x40081494                esp_dport_access_stall_other_cpu_start_wrap
                0x4008149c                esp_dport_access_stall_other_cpu_end_wrap
                0x400814a4                esp_dport_access_int_pause
                0x400814c8                esp_dport_access_int_abort
                0x400814dc                esp_dport_access_int_resume
                0x40081500                esp_dport_access_reg_read
                0x40081518                esp_dport_access_sequence_reg_read
                0x40081524                esp_dport_access_read_buffer
 *fill*         0x4008154b        0x1 
 .iram1         0x4008154c      0x205 C:/msys32/home/AllyKalaf/ESP32-bridge/build/esp32\libesp32.a(esp_timer.o)
                                0x219 (size before relaxing)
                0x40081668                esp_timer_stop
                0x4008168c                esp_timer_get_next_alarm
                0x400816ac                esp_timer_get_time
                0x400816bc                esp_timer_start_once
                0x40081700                esp_timer_start_periodic
 *fill*         0x40081751        0x3 
 .iram1         0x40081754      0x2b6 C:/msys32/home/AllyKalaf/ESP32-bridge/build/esp32\libesp32.a(intr_alloc.o)
                                0x2ce (size before relaxing)
                0x40081790                esp_intr_set_in_iram
                0x40081818                esp_intr_enable
                0x400818a0                esp_intr_disable
                0x40081968                esp_intr_noniram_disable
                0x400819b4                esp_intr_noniram_enable
                0x400819f4                ets_isr_unmask
                0x40081a00                ets_isr_mask
 *fill*         0x40081a0a        0x2 
 .iram1         0x40081a0c       0x7f C:/msys32/home/AllyKalaf/ESP32-bridge/build/esp32\libesp32.a(ipc.o)
                                 0x8b (size before relaxing)
 *fill*         0x40081a8b        0x1 
 .iram1         0x40081a8c       0x2c C:/msys32/home/AllyKalaf/ESP32-bridge/build/esp32\libesp32.a(cache_err_int.o)
                                 0x34 (size before relaxing)
                0x40081a8c                esp_cache_err_get_cpuid
 .iram1         0x40081ab8       0x27 C:/msys32/home/AllyKalaf/ESP32-bridge/build/esp32\libesp32.a(freertos_hooks.o)
                0x40081ab8                esp_vApplicationTickHook
 *fill*         0x40081adf        0x1 
 .iram1         0x40081ae0       0x37 C:/msys32/home/AllyKalaf/ESP32-bridge/build/esp32\libesp32.a(clk.o)
                0x40081ae0                esp_clk_cpu_freq
                0x40081af0                esp_clk_apb_freq
                0x40081b08                ets_update_cpu_frequency
 *fill*         0x40081b17        0x1 
 .iram1         0x40081b18      0x56b C:/msys32/home/AllyKalaf/ESP32-bridge/build/esp32\libesp32.a(esp_timer_esp32.o)
                                0x57b (size before relaxing)
                0x40081c3c                esp_timer_impl_get_time
                0x40081dac                esp_timer_impl_set_alarm
                0x40081fb4                esp_timer_impl_update_apb_freq
                0x40082078                esp_timer_impl_get_min_period_us
 *fill*         0x40082083        0x1 
 .iram1         0x40082084       0xb0 C:/msys32/home/AllyKalaf/ESP32-bridge/build/esp32\libesp32.a(crosscore_int.o)
                                 0xc0 (size before relaxing)
                0x4008211c                esp_crosscore_int_send_yield
                0x40082128                esp_crosscore_int_send_freq_switch
 .iram1         0x40082134       0x1a C:/msys32/home/AllyKalaf/ESP32-bridge/build/freertos\libfreertos.a(port.o)
                0x40082134                xPortInterruptedFromISRContext
 *fill*         0x4008214e        0x2 
 .iram1         0x40082150      0x4b4 C:/msys32/home/AllyKalaf/ESP32-bridge/build/freertos\libfreertos.a(xtensa_vectors.o)
                0x40082150                _xt_panic
                0x40082268                _xt_user_exit
                0x40082554                _xt_medint2_exit
                0x400825f0                _xt_medint3_exit
 .iram1         0x40082604      0x3dd C:/msys32/home/AllyKalaf/ESP32-bridge/build/heap\libheap.a(heap_caps.o)
                                0x3f5 (size before relaxing)
                0x40082694                heap_caps_malloc
                0x40082730                heap_caps_malloc_default
                0x40082774                heap_caps_malloc_prefer
                0x400827cc                heap_caps_free
                0x40082804                heap_caps_realloc
                0x400828b0                heap_caps_realloc_default
                0x40082908                heap_caps_realloc_prefer
                0x4008296c                heap_caps_calloc
                0x4008298c                heap_caps_calloc_prefer
 *fill*         0x400829e1        0x3 
 .iram1         0x400829e4      0x18a C:/msys32/home/AllyKalaf/ESP32-bridge/build/log\liblog.a(log.o)
                                0x19a (size before relaxing)
                0x400829e4                esp_log_write
                0x40082b14                esp_log_early_timestamp
                0x40082b30                esp_log_timestamp
 *fill*         0x40082b6e        0x2 
 .iram1         0x40082b70      0x1cc C:/msys32/home/AllyKalaf/ESP32-bridge/build/newlib\libnewlib.a(locks.o)
                                0x210 (size before relaxing)
                0x40082c88                _lock_init
                0x40082c98                _lock_init_recursive
                0x40082ca8                _lock_close
                0x40082ce4                _lock_acquire
                0x40082cf4                _lock_acquire_recursive
                0x40082d04                _lock_try_acquire
                0x40082d14                _lock_try_acquire_recursive
                0x40082d24                _lock_release
                0x40082d30                _lock_release_recursive
 .iram1         0x40082d3c       0x4a C:/msys32/home/AllyKalaf/ESP32-bridge/build/newlib\libnewlib.a(syscalls.o)
                                 0x52 (size before relaxing)
                0x40082d3c                _malloc_r
                0x40082d48                _free_r
                0x40082d54                _realloc_r
                0x40082d68                _calloc_r
 *fill*         0x40082d86        0x2 
 .iram1         0x40082d88       0x3c C:/msys32/home/AllyKalaf/ESP32-bridge/build/newlib\libnewlib.a(reent_init.o)
                0x40082d88                esp_reent_init
 .iram1         0x40082dc4       0x6c C:/msys32/home/AllyKalaf/ESP32-bridge/build/newlib\libnewlib.a(time.o)
                                 0x74 (size before relaxing)
                0x40082dc4                _gettimeofday_r
                0x40082e08                _times_r
 .iram1         0x40082e30      0x11a C:/msys32/home/AllyKalaf/ESP32-bridge/build/soc\libsoc.a(cpu_util.o)
                0x40082e30                esp_cpu_stall
                0x40082ec4                esp_cpu_unstall
                0x40082f18                esp_cpu_reset
                0x40082f3c                esp_cpu_in_ocd_debug_mode
 *fill*         0x40082f4a        0x2 
 .iram1         0x40082f4c      0x722 C:/msys32/home/AllyKalaf/ESP32-bridge/build/spi_flash\libspi_flash.a(flash_ops.o)
                                0x74a (size before relaxing)
                0x40082fbc                spi_flash_guard_set
                0x40082fc8                spi_flash_guard_get
                0x40082fd4                spi_flash_get_chip_size
                0x40082fe0                spi_flash_erase_range
                0x40083098                spi_flash_erase_sector
                0x400830bc                spi_flash_write
                0x40083284                spi_flash_read
                0x4008351c                spi_flash_read_encrypted
                0x40083564                spi_flash_write_encrypted
 *fill*         0x4008366e        0x2 
 .iram1         0x40083670      0x2e0 C:/msys32/home/AllyKalaf/ESP32-bridge/build/spi_flash\libspi_flash.a(cache_utils.o)
                                0x320 (size before relaxing)
                0x400836d4                spi_flash_op_block_func
                0x40083780                spi_flash_disable_interrupts_caches_and_other_cpu
                0x4008384c                spi_flash_enable_interrupts_caches_and_other_cpu
                0x400838e4                spi_flash_disable_interrupts_caches_and_other_cpu_no_os
                0x40083910                spi_flash_enable_interrupts_caches_no_os
                0x4008392c                spi_flash_cache_enabled
 .iram1         0x40083950      0x49e C:/msys32/home/AllyKalaf/ESP32-bridge/build/spi_flash\libspi_flash.a(flash_mmap.o)
                                0x4ce (size before relaxing)
                0x40083a7c                spi_flash_mmap_pages
                0x40083c90                spi_flash_mmap
                0x40083d00                spi_flash_munmap
                0x40083da4                spi_flash_mark_modified_region
 *fill*         0x40083dee        0x2 
 .iram1         0x40083df0       0x20 C:/msys32/home/AllyKalaf/ESP32-bridge/build/esp32\libesp32.a(dbg_stubs.o)
 *fill*         0x40083e10        0x0 
 *fill*         0x40083e10        0x0 
 *fill*         0x40083e10        0x0 
 *fill*         0x40083e10        0x0 
 *fill*         0x40083e10        0x0 
 *fill*         0x40083e10        0x0 
 *fill*         0x40083e10        0x0 
 *fill*         0x40083e10        0x0 
 *fill*         0x40083e10        0x0 
 *fill*         0x40083e10        0x0 
 .iram1         0x40083e10       0x2e C:/msys32/home/AllyKalaf/ESP32-bridge/build/freertos\libfreertos.a(xtensa_vector_defaults.o)
                0x40083e10                xt_debugexception
                0x40083e30                xt_highint5
                0x40083e38                xt_nmi
                0x40083e38                _xt_nmi
 *fill*         0x40083e3e        0x0 
 *fill*         0x40083e3e        0x0 
 *fill*         0x40083e3e        0x0 
 *fill*         0x40083e3e        0x0 
 *fill*         0x40083e3e        0x0 
 *fill*         0x40083e3e        0x0 
 *libfreertos.a:(.literal .text .literal.* .text.*)
 *fill*         0x40083e3e        0x2 
 .text.prvResetNextTaskUnblockTime
                0x40083e40       0x34 C:/msys32/home/AllyKalaf/ESP32-bridge/build/freertos\libfreertos.a(tasks.o)
 .text.prvDeleteTLS
                0x40083e74       0x40 C:/msys32/home/AllyKalaf/ESP32-bridge/build/freertos\libfreertos.a(tasks.o)
 .text.prvInitialiseNewTask
                0x40083eb4       0xc4 C:/msys32/home/AllyKalaf/ESP32-bridge/build/freertos\libfreertos.a(tasks.o)
                                 0xd0 (size before relaxing)
 .text.prvInitialiseTaskLists
                0x40083f78       0x5a C:/msys32/home/AllyKalaf/ESP32-bridge/build/freertos\libfreertos.a(tasks.o)
                                 0x6e (size before relaxing)
 *fill*         0x40083fd2        0x2 
 .text.prvDeleteTCB
                0x40083fd4       0x56 C:/msys32/home/AllyKalaf/ESP32-bridge/build/freertos\libfreertos.a(tasks.o)
                                 0x5d (size before relaxing)
 *fill*         0x4008402a        0x2 
 .text.prvAddCurrentTaskToDelayedList
                0x4008402c       0x66 C:/msys32/home/AllyKalaf/ESP32-bridge/build/freertos\libfreertos.a(tasks.o)
                                 0x6a (size before relaxing)
 *fill*         0x40084092        0x2 
 .text.taskYIELD_OTHER_CORE
                0x40084094       0x53 C:/msys32/home/AllyKalaf/ESP32-bridge/build/freertos\libfreertos.a(tasks.o)
                0x40084094                taskYIELD_OTHER_CORE
 *fill*         0x400840e7        0x1 
 .text.vTaskSuspendAll
                0x400840e8       0x26 C:/msys32/home/AllyKalaf/ESP32-bridge/build/freertos\libfreertos.a(tasks.o)
                0x400840e8                vTaskSuspendAll
 *fill*         0x4008410e        0x2 
 .text.xTaskGetIdleTaskHandleForCPU
                0x40084110       0x2a C:/msys32/home/AllyKalaf/ESP32-bridge/build/freertos\libfreertos.a(tasks.o)
                                 0x2e (size before relaxing)
                0x40084110                xTaskGetIdleTaskHandleForCPU
 *fill*         0x4008413a        0x2 
 .text.vTaskSwitchContext
                0x4008413c      0x27e C:/msys32/home/AllyKalaf/ESP32-bridge/build/freertos\libfreertos.a(tasks.o)
                                0x28a (size before relaxing)
                0x4008413c                vTaskSwitchContext
 *fill*         0x400843ba        0x2 
 .text.vTaskSetTimeOutState
                0x400843bc       0x34 C:/msys32/home/AllyKalaf/ESP32-bridge/build/freertos\libfreertos.a(tasks.o)
                0x400843bc                vTaskSetTimeOutState
 .text.xTaskGetCurrentTaskHandle
                0x400843f0       0x1f C:/msys32/home/AllyKalaf/ESP32-bridge/build/freertos\libfreertos.a(tasks.o)
                0x400843f0                xTaskGetCurrentTaskHandle
 *fill*         0x4008440f        0x1 
 .text.__getreent
                0x40084410       0x19 C:/msys32/home/AllyKalaf/ESP32-bridge/build/freertos\libfreertos.a(tasks.o)
                0x40084410                __getreent
 *fill*         0x40084429        0x3 
 .text.pcTaskGetTaskName
                0x4008442c       0x2a C:/msys32/home/AllyKalaf/ESP32-bridge/build/freertos\libfreertos.a(tasks.o)
                                 0x2d (size before relaxing)
                0x4008442c                pcTaskGetTaskName
 *fill*         0x40084456        0x2 
 .text.xTaskGetAffinity
                0x40084458       0x10 C:/msys32/home/AllyKalaf/ESP32-bridge/build/freertos\libfreertos.a(tasks.o)
                                 0x13 (size before relaxing)
                0x40084458                xTaskGetAffinity
 *fill*         0x40084468        0x0 
 .text.xTaskGetCurrentTaskHandleForCPU
                0x40084468       0x18 C:/msys32/home/AllyKalaf/ESP32-bridge/build/freertos\libfreertos.a(tasks.o)
                0x40084468                xTaskGetCurrentTaskHandleForCPU
 .text.xTaskGetSchedulerState
                0x40084480       0x37 C:/msys32/home/AllyKalaf/ESP32-bridge/build/freertos\libfreertos.a(tasks.o)
                0x40084480                xTaskGetSchedulerState
 *fill*         0x400844b7        0x1 
 .text.vTaskEnterCritical
                0x400844b8       0xac C:/msys32/home/AllyKalaf/ESP32-bridge/build/freertos\libfreertos.a(tasks.o)
                                 0xb3 (size before relaxing)
                0x400844b8                vTaskEnterCritical
 *fill*         0x40084564        0x0 
 .text.vTaskExitCritical
                0x40084564       0x83 C:/msys32/home/AllyKalaf/ESP32-bridge/build/freertos\libfreertos.a(tasks.o)
                                 0x8a (size before relaxing)
                0x40084564                vTaskExitCritical
 *fill*         0x400845e7        0x1 
 .text.prvAddNewTaskToReadyList
                0x400845e8      0x15c C:/msys32/home/AllyKalaf/ESP32-bridge/build/freertos\libfreertos.a(tasks.o)
                                0x173 (size before relaxing)
 *fill*         0x40084744        0x0 
 .text.xTaskCreatePinnedToCore
                0x40084744       0x6e C:/msys32/home/AllyKalaf/ESP32-bridge/build/freertos\libfreertos.a(tasks.o)
                                 0x76 (size before relaxing)
                0x40084744                xTaskCreatePinnedToCore
 *fill*         0x400847b2        0x2 
 .text.vTaskStartScheduler
                0x400847b4       0x67 C:/msys32/home/AllyKalaf/ESP32-bridge/build/freertos\libfreertos.a(tasks.o)
                                 0x72 (size before relaxing)
                0x400847b4                vTaskStartScheduler
 *fill*         0x4008481b        0x1 
 .text.vTaskDelete
                0x4008481c      0x10a C:/msys32/home/AllyKalaf/ESP32-bridge/build/freertos\libfreertos.a(tasks.o)
                                0x122 (size before relaxing)
                0x4008481c                vTaskDelete
 *fill*         0x40084926        0x2 
 .text.prvCheckTasksWaitingTermination
                0x40084928       0xbe C:/msys32/home/AllyKalaf/ESP32-bridge/build/freertos\libfreertos.a(tasks.o)
                                 0xc6 (size before relaxing)
 *fill*         0x400849e6        0x2 
 .text.prvIdleTask
                0x400849e8        0xf C:/msys32/home/AllyKalaf/ESP32-bridge/build/freertos\libfreertos.a(tasks.o)
                                 0x18 (size before relaxing)
 *fill*         0x400849f7        0x1 
 .text.xTaskGetTickCount
                0x400849f8       0x1c C:/msys32/home/AllyKalaf/ESP32-bridge/build/freertos\libfreertos.a(tasks.o)
                                 0x20 (size before relaxing)
                0x400849f8                xTaskGetTickCount
 .text.xTaskIncrementTick
                0x40084a14      0x1b2 C:/msys32/home/AllyKalaf/ESP32-bridge/build/freertos\libfreertos.a(tasks.o)
                                0x1ce (size before relaxing)
                0x40084a14                xTaskIncrementTick
 *fill*         0x40084bc6        0x2 
 .text.xTaskResumeAll
                0x40084bc8      0x173 C:/msys32/home/AllyKalaf/ESP32-bridge/build/freertos\libfreertos.a(tasks.o)
                                0x186 (size before relaxing)
                0x40084bc8                xTaskResumeAll
 *fill*         0x40084d3b        0x1 
 .text.vTaskPlaceOnEventList
                0x40084d3c       0x83 C:/msys32/home/AllyKalaf/ESP32-bridge/build/freertos\libfreertos.a(tasks.o)
                                 0x97 (size before relaxing)
                0x40084d3c                vTaskPlaceOnEventList
 *fill*         0x40084dbf        0x1 
 .text.vTaskPlaceOnEventListRestricted
                0x40084dc0       0x5b C:/msys32/home/AllyKalaf/ESP32-bridge/build/freertos\libfreertos.a(tasks.o)
                                 0x6f (size before relaxing)
                0x40084dc0                vTaskPlaceOnEventListRestricted
 *fill*         0x40084e1b        0x1 
 .text.xTaskRemoveFromEventList
                0x40084e1c      0x134 C:/msys32/home/AllyKalaf/ESP32-bridge/build/freertos\libfreertos.a(tasks.o)
                                0x143 (size before relaxing)
                0x40084e1c                xTaskRemoveFromEventList
 *fill*         0x40084f50        0x0 
 .text.xTaskCheckForTimeOut
                0x40084f50       0x8b C:/msys32/home/AllyKalaf/ESP32-bridge/build/freertos\libfreertos.a(tasks.o)
                                 0x96 (size before relaxing)
                0x40084f50                xTaskCheckForTimeOut
 *fill*         0x40084fdb        0x1 
 .text.vTaskPriorityInherit
                0x40084fdc       0xc4 C:/msys32/home/AllyKalaf/ESP32-bridge/build/freertos\libfreertos.a(tasks.o)
                                 0xdb (size before relaxing)
                0x40084fdc                vTaskPriorityInherit
 *fill*         0x400850a0        0x0 
 .text.xTaskPriorityDisinherit
                0x400850a0       0x97 C:/msys32/home/AllyKalaf/ESP32-bridge/build/freertos\libfreertos.a(tasks.o)
                                 0xaa (size before relaxing)
                0x400850a0                xTaskPriorityDisinherit
 *fill*         0x40085137        0x1 
 .text.pvTaskIncrementMutexHeldCount
                0x40085138       0x50 C:/msys32/home/AllyKalaf/ESP32-bridge/build/freertos\libfreertos.a(tasks.o)
                                 0x54 (size before relaxing)
                0x40085138                pvTaskIncrementMutexHeldCount
 .text.pxPortInitialiseStack
                0x40085188       0x86 C:/msys32/home/AllyKalaf/ESP32-bridge/build/freertos\libfreertos.a(port.o)
                0x40085188                pxPortInitialiseStack
 *fill*         0x4008520e        0x2 
 .text.xPortStartScheduler
                0x40085210       0x22 C:/msys32/home/AllyKalaf/ESP32-bridge/build/freertos\libfreertos.a(port.o)
                                 0x2e (size before relaxing)
                0x40085210                xPortStartScheduler
 *fill*         0x40085232        0x2 
 .text.xPortSysTickHandler
                0x40085234       0x10 C:/msys32/home/AllyKalaf/ESP32-bridge/build/freertos\libfreertos.a(port.o)
                                 0x16 (size before relaxing)
                0x40085234                xPortSysTickHandler
 *fill*         0x40085244        0x0 
 .text.vPortYieldOtherCore
                0x40085244        0xa C:/msys32/home/AllyKalaf/ESP32-bridge/build/freertos\libfreertos.a(port.o)
                                  0xe (size before relaxing)
                0x40085244                vPortYieldOtherCore
 *fill*         0x4008524e        0x2 
 .text.vPortReleaseTaskMPUSettings
                0x40085250        0xa C:/msys32/home/AllyKalaf/ESP32-bridge/build/freertos\libfreertos.a(port.o)
                                  0xe (size before relaxing)
                0x40085250                vPortReleaseTaskMPUSettings
 *fill*         0x4008525a        0x2 
 .text.xPortInIsrContext
                0x4008525c       0x26 C:/msys32/home/AllyKalaf/ESP32-bridge/build/freertos\libfreertos.a(port.o)
                0x4008525c                xPortInIsrContext
 *fill*         0x40085282        0x2 
 .text.vPortCPUInitializeMutex
                0x40085284        0xe C:/msys32/home/AllyKalaf/ESP32-bridge/build/freertos\libfreertos.a(port.o)
                0x40085284                vPortCPUInitializeMutex
 *fill*         0x40085292        0x2 
 .text.vPortCPUAcquireMutex
                0x40085294       0x81 C:/msys32/home/AllyKalaf/ESP32-bridge/build/freertos\libfreertos.a(port.o)
                                 0x88 (size before relaxing)
                0x40085294                vPortCPUAcquireMutex
 *fill*         0x40085315        0x3 
 .text.vPortCPUReleaseMutex
                0x40085318       0x59 C:/msys32/home/AllyKalaf/ESP32-bridge/build/freertos\libfreertos.a(port.o)
                                 0x61 (size before relaxing)
                0x40085318                vPortCPUReleaseMutex
 *fill*         0x40085371        0x3 
 .text._xt_tick_divisor_init
                0x40085374       0x1c C:/msys32/home/AllyKalaf/ESP32-bridge/build/freertos\libfreertos.a(xtensa_init.o)
                                 0x1f (size before relaxing)
                0x40085374                _xt_tick_divisor_init
 *fill*         0x40085390        0x0 
 .text.prvIsQueueFull
                0x40085390       0x2a C:/msys32/home/AllyKalaf/ESP32-bridge/build/freertos\libfreertos.a(queue.o)
 *fill*         0x400853ba        0x2 
 .text.prvCopyDataToQueue
                0x400853bc       0x9e C:/msys32/home/AllyKalaf/ESP32-bridge/build/freertos\libfreertos.a(queue.o)
 *fill*         0x4008545a        0x2 
 .text.prvNotifyQueueSetContainer
                0x4008545c       0x6a C:/msys32/home/AllyKalaf/ESP32-bridge/build/freertos\libfreertos.a(queue.o)
                                 0x76 (size before relaxing)
 *fill*         0x400854c6        0x2 
 .text.prvCopyDataFromQueue
                0x400854c8       0x24 C:/msys32/home/AllyKalaf/ESP32-bridge/build/freertos\libfreertos.a(queue.o)
 .text.xQueueGenericReset
                0x400854ec       0x86 C:/msys32/home/AllyKalaf/ESP32-bridge/build/freertos\libfreertos.a(queue.o)
                                 0x96 (size before relaxing)
                0x400854ec                xQueueGenericReset
 *fill*         0x40085572        0x2 
 .text.prvInitialiseNewQueue
                0x40085574       0x1f C:/msys32/home/AllyKalaf/ESP32-bridge/build/freertos\libfreertos.a(queue.o)
                                 0x23 (size before relaxing)
 *fill*         0x40085593        0x1 
 .text.xQueueGenericCreate
                0x40085594       0x49 C:/msys32/home/AllyKalaf/ESP32-bridge/build/freertos\libfreertos.a(queue.o)
                                 0x4d (size before relaxing)
                0x40085594                xQueueGenericCreate
 *fill*         0x400855dd        0x3 
 .text.xQueueGetMutexHolder
                0x400855e0       0x23 C:/msys32/home/AllyKalaf/ESP32-bridge/build/freertos\libfreertos.a(queue.o)
                0x400855e0                xQueueGetMutexHolder
 *fill*         0x40085603        0x1 
 .text.xQueueCreateCountingSemaphore
                0x40085604       0x66 C:/msys32/home/AllyKalaf/ESP32-bridge/build/freertos\libfreertos.a(queue.o)
                                 0x6a (size before relaxing)
                0x40085604                xQueueCreateCountingSemaphore
 *fill*         0x4008566a        0x2 
 .text.xQueueGenericSend
                0x4008566c      0x158 C:/msys32/home/AllyKalaf/ESP32-bridge/build/freertos\libfreertos.a(queue.o)
                                0x18c (size before relaxing)
                0x4008566c                xQueueGenericSend
 .text.prvInitialiseMutex
                0x400857c4       0x22 C:/msys32/home/AllyKalaf/ESP32-bridge/build/freertos\libfreertos.a(queue.o)
                                 0x26 (size before relaxing)
 *fill*         0x400857e6        0x2 
 .text.xQueueCreateMutex
                0x400857e8       0x16 C:/msys32/home/AllyKalaf/ESP32-bridge/build/freertos\libfreertos.a(queue.o)
                                 0x1a (size before relaxing)
                0x400857e8                xQueueCreateMutex
 *fill*         0x400857fe        0x2 
 .text.xQueueGiveMutexRecursive
                0x40085800       0x48 C:/msys32/home/AllyKalaf/ESP32-bridge/build/freertos\libfreertos.a(queue.o)
                                 0x4c (size before relaxing)
                0x40085800                xQueueGiveMutexRecursive
 .text.xQueueGenericSendFromISR
                0x40085848       0xd6 C:/msys32/home/AllyKalaf/ESP32-bridge/build/freertos\libfreertos.a(queue.o)
                                 0xe6 (size before relaxing)
                0x40085848                xQueueGenericSendFromISR
 *fill*         0x4008591e        0x2 
 .text.xQueueGiveFromISR
                0x40085920       0xb6 C:/msys32/home/AllyKalaf/ESP32-bridge/build/freertos\libfreertos.a(queue.o)
                                 0xc2 (size before relaxing)
                0x40085920                xQueueGiveFromISR
 *fill*         0x400859d6        0x2 
 .text.xQueueGenericReceive
                0x400859d8      0x144 C:/msys32/home/AllyKalaf/ESP32-bridge/build/freertos\libfreertos.a(queue.o)
                                0x178 (size before relaxing)
                0x400859d8                xQueueGenericReceive
 .text.xQueueTakeMutexRecursive
                0x40085b1c       0x51 C:/msys32/home/AllyKalaf/ESP32-bridge/build/freertos\libfreertos.a(queue.o)
                0x40085b1c                xQueueTakeMutexRecursive
 *fill*         0x40085b6d        0x3 
 .text.xQueueReceiveFromISR
                0x40085b70       0x96 C:/msys32/home/AllyKalaf/ESP32-bridge/build/freertos\libfreertos.a(queue.o)
                                 0xa6 (size before relaxing)
                0x40085b70                xQueueReceiveFromISR
 *fill*         0x40085c06        0x2 
 .text.uxQueueSpacesAvailable
                0x40085c08       0x36 C:/msys32/home/AllyKalaf/ESP32-bridge/build/freertos\libfreertos.a(queue.o)
                                 0x3e (size before relaxing)
                0x40085c08                uxQueueSpacesAvailable
 *fill*         0x40085c3e        0x2 
 .text.vQueueDelete
                0x40085c40       0x28 C:/msys32/home/AllyKalaf/ESP32-bridge/build/freertos\libfreertos.a(queue.o)
                0x40085c40                vQueueDelete
 .text.vQueueWaitForMessageRestricted
                0x40085c68       0x23 C:/msys32/home/AllyKalaf/ESP32-bridge/build/freertos\libfreertos.a(queue.o)
                                 0x2a (size before relaxing)
                0x40085c68                vQueueWaitForMessageRestricted
 *fill*         0x40085c8b        0x1 
 .text.xt_unhandled_interrupt
                0x40085c8c       0x16 C:/msys32/home/AllyKalaf/ESP32-bridge/build/freertos\libfreertos.a(xtensa_intr.o)
                0x40085c8c                xt_unhandled_interrupt
 *fill*         0x40085ca2        0x2 
 .text.xt_set_interrupt_handler
                0x40085ca4       0x46 C:/msys32/home/AllyKalaf/ESP32-bridge/build/freertos\libfreertos.a(xtensa_intr.o)
                0x40085ca4                xt_set_interrupt_handler
 *fill*         0x40085cea        0x2 
 .text          0x40085cec      0x1d0 C:/msys32/home/AllyKalaf/ESP32-bridge/build/freertos\libfreertos.a(portasm.o)
                0x40085cec                _frxt_setup_switch
                0x40085d04                _frxt_int_enter
                0x40085d4c                _frxt_int_exit
                0x40085d9c                _frxt_timer_int
                0x40085dc4                _frxt_tick_timer_init
                0x40085ddc                _frxt_dispatch
                0x40085e24                vPortYield
                0x40085e70                vPortYieldFromInt
                0x40085e90                _frxt_task_coproc_state
 .text          0x40085ebc      0x12b C:/msys32/home/AllyKalaf/ESP32-bridge/build/freertos\libfreertos.a(xtensa_context.o)
                0x40085ebc                _xt_context_save
                0x40085f24                _xt_context_restore
                0x40085f68                _xt_coproc_init
                0x40085f7c                _xt_coproc_release
                0x40085fa8                _xt_coproc_savecs
                0x40085fc8                _xt_coproc_restorecs
 *fill*         0x40085fe7        0x1 
 .text.prvGetNextExpireTime
                0x40085fe8       0x20 C:/msys32/home/AllyKalaf/ESP32-bridge/build/freertos\libfreertos.a(timers.o)
 .text.prvInsertTimerInActiveList
                0x40086008       0x50 C:/msys32/home/AllyKalaf/ESP32-bridge/build/freertos\libfreertos.a(timers.o)
                                 0x54 (size before relaxing)
 .text.prvCheckForValidListAndQueue
                0x40086058       0x66 C:/msys32/home/AllyKalaf/ESP32-bridge/build/freertos\libfreertos.a(timers.o)
                                 0x7e (size before relaxing)
 *fill*         0x400860be        0x2 
 .text.xTimerCreateTimerTask
                0x400860c0       0x48 C:/msys32/home/AllyKalaf/ESP32-bridge/build/freertos\libfreertos.a(timers.o)
                                 0x4c (size before relaxing)
                0x400860c0                xTimerCreateTimerTask
 .text.xTimerGenericCommand
                0x40086108       0x55 C:/msys32/home/AllyKalaf/ESP32-bridge/build/freertos\libfreertos.a(timers.o)
                                 0x5d (size before relaxing)
                0x40086108                xTimerGenericCommand
 *fill*         0x4008615d        0x3 
 .text.prvSwitchTimerLists
                0x40086160       0x76 C:/msys32/home/AllyKalaf/ESP32-bridge/build/freertos\libfreertos.a(timers.o)
                                 0x82 (size before relaxing)
 *fill*         0x400861d6        0x2 
 .text.prvSampleTimeNow
                0x400861d8       0x2b C:/msys32/home/AllyKalaf/ESP32-bridge/build/freertos\libfreertos.a(timers.o)
                                 0x2f (size before relaxing)
 *fill*         0x40086203        0x1 
 .text.prvProcessExpiredTimer
                0x40086204       0x53 C:/msys32/home/AllyKalaf/ESP32-bridge/build/freertos\libfreertos.a(timers.o)
                                 0x5f (size before relaxing)
 *fill*         0x40086257        0x1 
 .text.prvProcessTimerOrBlockTask
                0x40086258       0x58 C:/msys32/home/AllyKalaf/ESP32-bridge/build/freertos\libfreertos.a(timers.o)
                                 0x6c (size before relaxing)
 .text.prvProcessReceivedCommands
                0x400862b0       0xd6 C:/msys32/home/AllyKalaf/ESP32-bridge/build/freertos\libfreertos.a(timers.o)
                                 0xe6 (size before relaxing)
 *fill*         0x40086386        0x2 
 .text.prvTimerTask
                0x40086388       0x15 C:/msys32/home/AllyKalaf/ESP32-bridge/build/freertos\libfreertos.a(timers.o)
                                 0x1d (size before relaxing)
 *fill*         0x4008639d        0x3 
 .text.prvReturnItemByteBuf
                0x400863a0       0x4c C:/msys32/home/AllyKalaf/ESP32-bridge/build/freertos\libfreertos.a(ringbuf.o)
                                 0x4f (size before relaxing)
 *fill*         0x400863ec        0x0 
 .text.prvGetItemByteBuf
                0x400863ec       0xd7 C:/msys32/home/AllyKalaf/ESP32-bridge/build/freertos\libfreertos.a(ringbuf.o)
                                 0xdb (size before relaxing)
 *fill*         0x400864c3        0x1 
 .text.prvCheckItemFitsByteBuffer
                0x400864c4       0x65 C:/msys32/home/AllyKalaf/ESP32-bridge/build/freertos\libfreertos.a(ringbuf.o)
 *fill*         0x40086529        0x3 
 .text.prvReturnItemDefault
                0x4008652c      0x146 C:/msys32/home/AllyKalaf/ESP32-bridge/build/freertos\libfreertos.a(ringbuf.o)
                                0x156 (size before relaxing)
 *fill*         0x40086672        0x2 
 .text.prvGetItemDefault
                0x40086674      0x146 C:/msys32/home/AllyKalaf/ESP32-bridge/build/freertos\libfreertos.a(ringbuf.o)
                                0x152 (size before relaxing)
 *fill*         0x400867ba        0x2 
 .text.prvCheckItemFitsDefault
                0x400867bc       0xb1 C:/msys32/home/AllyKalaf/ESP32-bridge/build/freertos\libfreertos.a(ringbuf.o)
 *fill*         0x4008686d        0x3 
 .text.prvGetFreeSize
                0x40086870       0x3c C:/msys32/home/AllyKalaf/ESP32-bridge/build/freertos\libfreertos.a(ringbuf.o)
                                 0x40 (size before relaxing)
 .text.prvCopyItemByteBuf
                0x400868ac       0x7b C:/msys32/home/AllyKalaf/ESP32-bridge/build/freertos\libfreertos.a(ringbuf.o)
 *fill*         0x40086927        0x1 
 .text.prvCopyItemAllowSplit
                0x40086928       0xef C:/msys32/home/AllyKalaf/ESP32-bridge/build/freertos\libfreertos.a(ringbuf.o)
                                 0xf3 (size before relaxing)
 *fill*         0x40086a17        0x1 
 .text.prvCopyItemNoSplit
                0x40086a18       0xbc C:/msys32/home/AllyKalaf/ESP32-bridge/build/freertos\libfreertos.a(ringbuf.o)
 .text.prvReceiveGeneric
                0x40086ad4      0x128 C:/msys32/home/AllyKalaf/ESP32-bridge/build/freertos\libfreertos.a(ringbuf.o)
                                0x13c (size before relaxing)
 .text.prvReceiveGenericFromISR
                0x40086bfc       0xd9 C:/msys32/home/AllyKalaf/ESP32-bridge/build/freertos\libfreertos.a(ringbuf.o)
                                 0xe5 (size before relaxing)
 *fill*         0x40086cd5        0x3 
 .text.xRingbufferCreate
                0x40086cd8      0x131 C:/msys32/home/AllyKalaf/ESP32-bridge/build/freertos\libfreertos.a(ringbuf.o)
                                0x140 (size before relaxing)
                0x40086cd8                xRingbufferCreate
 *fill*         0x40086e09        0x3 
 .text.xRingbufferSend
                0x40086e0c       0xfd C:/msys32/home/AllyKalaf/ESP32-bridge/build/freertos\libfreertos.a(ringbuf.o)
                                0x111 (size before relaxing)
                0x40086e0c                xRingbufferSend
 *fill*         0x40086f09        0x3 
 .text.xRingbufferSendFromISR
                0x40086f0c       0xb6 C:/msys32/home/AllyKalaf/ESP32-bridge/build/freertos\libfreertos.a(ringbuf.o)
                                 0xc6 (size before relaxing)
                0x40086f0c                xRingbufferSendFromISR
 *fill*         0x40086fc2        0x2 
 .text.xRingbufferReceive
                0x40086fc4       0x45 C:/msys32/home/AllyKalaf/ESP32-bridge/build/freertos\libfreertos.a(ringbuf.o)
                0x40086fc4                xRingbufferReceive
 *fill*         0x40087009        0x3 
 .text.xRingbufferReceiveFromISR
                0x4008700c       0x41 C:/msys32/home/AllyKalaf/ESP32-bridge/build/freertos\libfreertos.a(ringbuf.o)
                0x4008700c                xRingbufferReceiveFromISR
 *fill*         0x4008704d        0x3 
 .text.vRingbufferReturnItem
                0x40087050       0x5a C:/msys32/home/AllyKalaf/ESP32-bridge/build/freertos\libfreertos.a(ringbuf.o)
                                 0x66 (size before relaxing)
                0x40087050                vRingbufferReturnItem
 *fill*         0x400870aa        0x2 
 .text.vRingbufferReturnItemFromISR
                0x400870ac       0x56 C:/msys32/home/AllyKalaf/ESP32-bridge/build/freertos\libfreertos.a(ringbuf.o)
                                 0x62 (size before relaxing)
                0x400870ac                vRingbufferReturnItemFromISR
 *fill*         0x40087102        0x2 
 .text.vRingbufferDelete
                0x40087104       0x43 C:/msys32/home/AllyKalaf/ESP32-bridge/build/freertos\libfreertos.a(ringbuf.o)
                                 0x46 (size before relaxing)
                0x40087104                vRingbufferDelete
 *fill*         0x40087147        0x1 
 .text.xRingbufferGetMaxItemSize
                0x40087148       0x22 C:/msys32/home/AllyKalaf/ESP32-bridge/build/freertos\libfreertos.a(ringbuf.o)
                0x40087148                xRingbufferGetMaxItemSize
 *fill*         0x4008716a        0x0 
 *fill*         0x4008716a        0x0 
 *fill*         0x4008716a        0x0 
 *fill*         0x4008716a        0x0 
 *fill*         0x4008716a        0x0 
 *fill*         0x4008716a        0x0 
 *fill*         0x4008716a        0x0 
 *fill*         0x4008716a        0x0 
 *fill*         0x4008716a        0x0 
 *fill*         0x4008716a        0x0 
 *fill*         0x4008716a        0x0 
 *fill*         0x4008716a        0x0 
 *fill*         0x4008716a        0x0 
 *fill*         0x4008716a        0x0 
 *fill*         0x4008716a        0x0 
 *fill*         0x4008716a        0x0 
 *fill*         0x4008716a        0x0 
 *fill*         0x4008716a        0x0 
 *fill*         0x4008716a        0x0 
 *fill*         0x4008716a        0x0 
 *fill*         0x4008716a        0x0 
 *fill*         0x4008716a        0x0 
 *fill*         0x4008716a        0x0 
 *fill*         0x4008716a        0x0 
 *fill*         0x4008716a        0x0 
 *fill*         0x4008716a        0x0 
 *fill*         0x4008716a        0x0 
 *fill*         0x4008716a        0x0 
 *fill*         0x4008716a        0x0 
 *fill*         0x4008716a        0x0 
 *fill*         0x4008716a        0x0 
 *fill*         0x4008716a        0x2 
 .text.vPortStoreTaskMPUSettings
                0x4008716c       0x13 C:/msys32/home/AllyKalaf/ESP32-bridge/build/freertos\libfreertos.a(port.o)
                0x4008716c                vPortStoreTaskMPUSettings
 *fill*         0x4008717f        0x0 
 *fill*         0x4008717f        0x0 
 *fill*         0x4008717f        0x0 
 *fill*         0x4008717f        0x0 
 *fill*         0x4008717f        0x0 
 *fill*         0x4008717f        0x1 
 .text.vListInitialise
                0x40087180       0x15 C:/msys32/home/AllyKalaf/ESP32-bridge/build/freertos\libfreertos.a(list.o)
                0x40087180                vListInitialise
 *fill*         0x40087195        0x3 
 .text.vListInitialiseItem
                0x40087198        0x9 C:/msys32/home/AllyKalaf/ESP32-bridge/build/freertos\libfreertos.a(list.o)
                0x40087198                vListInitialiseItem
 *fill*         0x400871a1        0x3 
 .text.vListInsertEnd
                0x400871a4       0x1b C:/msys32/home/AllyKalaf/ESP32-bridge/build/freertos\libfreertos.a(list.o)
                0x400871a4                vListInsertEnd
 *fill*         0x400871bf        0x1 
 .text.vListInsert
                0x400871c0       0x2f C:/msys32/home/AllyKalaf/ESP32-bridge/build/freertos\libfreertos.a(list.o)
                0x400871c0                vListInsert
 *fill*         0x400871ef        0x1 
 .text.uxListRemove
                0x400871f0       0x26 C:/msys32/home/AllyKalaf/ESP32-bridge/build/freertos\libfreertos.a(list.o)
                0x400871f0                uxListRemove
 *fill*         0x40087216        0x2 
 .text.prvIsQueueEmpty
                0x40087218       0x12 C:/msys32/home/AllyKalaf/ESP32-bridge/build/freertos\libfreertos.a(queue.o)
 *fill*         0x4008722a        0x0 
 *fill*         0x4008722a        0x0 
 *fill*         0x4008722a        0x0 
 *fill*         0x4008722a        0x0 
 *fill*         0x4008722a        0x0 
 *fill*         0x4008722a        0x0 
 *fill*         0x4008722a        0x0 
 *fill*         0x4008722a        0x0 
 *fill*         0x4008722a        0x0 
 *fill*         0x4008722a        0x0 
 *fill*         0x4008722a        0x0 
 *fill*         0x4008722a        0x0 
 *fill*         0x4008722a        0x0 
 *fill*         0x4008722a        0x0 
 *fill*         0x4008722a        0x0 
 *fill*         0x4008722a        0x0 
 *fill*         0x4008722a        0x0 
 *fill*         0x4008722a        0x0 
 *fill*         0x4008722a        0x0 
 *fill*         0x4008722a        0x2 
 .text          0x4008722c       0x33 C:/msys32/home/AllyKalaf/ESP32-bridge/build/freertos\libfreertos.a(xtensa_intr_asm.o)
                0x4008722c                xt_ints_on
                0x40087244                xt_ints_off
 *fill*         0x4008725f        0x0 
 *fill*         0x4008725f        0x0 
 *fill*         0x4008725f        0x0 
 *fill*         0x4008725f        0x0 
 *fill*         0x4008725f        0x0 
 *fill*         0x4008725f        0x0 
 *fill*         0x4008725f        0x0 
 *fill*         0x4008725f        0x1 
 .text.prvCheckItemAvail
                0x40087260       0x34 C:/msys32/home/AllyKalaf/ESP32-bridge/build/freertos\libfreertos.a(ringbuf.o)
 .text.prvGetCurMaxSizeNoSplit
                0x40087294       0x3d C:/msys32/home/AllyKalaf/ESP32-bridge/build/freertos\libfreertos.a(ringbuf.o)
 *fill*         0x400872d1        0x3 
 .text.prvGetCurMaxSizeAllowSplit
                0x400872d4       0x4e C:/msys32/home/AllyKalaf/ESP32-bridge/build/freertos\libfreertos.a(ringbuf.o)
 *fill*         0x40087322        0x2 
 .text.prvGetCurMaxSizeByteBuf
                0x40087324       0x1e C:/msys32/home/AllyKalaf/ESP32-bridge/build/freertos\libfreertos.a(ringbuf.o)
 *fill*         0x40087342        0x0 
 *fill*         0x40087342        0x0 
 *fill*         0x40087342        0x0 
 *fill*         0x40087342        0x0 
 *fill*         0x40087342        0x0 
 *fill*         0x40087342        0x0 
 *fill*         0x40087342        0x0 
 *fill*         0x40087342        0x0 
 *fill*         0x40087342        0x0 
 *fill*         0x40087342        0x0 
 *fill*         0x40087342        0x0 
 *fill*         0x40087342        0x0 
 *fill*         0x40087342        0x0 
 *fill*         0x40087342        0x0 
 *fill*         0x40087342        0x0 
 *fill*         0x40087342        0x0 
 *fill*         0x40087342        0x0 
 *libheap.a:multi_heap.o(.literal .text .literal.* .text.*)
 *fill*         0x40087342        0x2 
 .text.get_prev_free_block
                0x40087344       0x68 C:/msys32/home/AllyKalaf/ESP32-bridge/build/heap\libheap.a(multi_heap.o)
                                 0x77 (size before relaxing)
 *fill*         0x400873ac        0x0 
 .text.split_if_necessary
                0x400873ac      0x138 C:/msys32/home/AllyKalaf/ESP32-bridge/build/heap\libheap.a(multi_heap.o)
                                0x148 (size before relaxing)
 .text.assert_valid_block
                0x400874e4       0xb0 C:/msys32/home/AllyKalaf/ESP32-bridge/build/heap\libheap.a(multi_heap.o)
                                 0xb4 (size before relaxing)
 .text.merge_adjacent
                0x40087594      0x12c C:/msys32/home/AllyKalaf/ESP32-bridge/build/heap\libheap.a(multi_heap.o)
                                0x140 (size before relaxing)
 .text.multi_heap_get_allocated_size_impl
                0x400876c0       0x38 C:/msys32/home/AllyKalaf/ESP32-bridge/build/heap\libheap.a(multi_heap.o)
                                 0x3c (size before relaxing)
                0x400876c0                multi_heap_get_allocated_size_impl
                0x400876c0                multi_heap_get_allocated_size
 .text.multi_heap_malloc_impl
                0x400876f8      0x110 C:/msys32/home/AllyKalaf/ESP32-bridge/build/heap\libheap.a(multi_heap.o)
                                0x120 (size before relaxing)
                0x400876f8                multi_heap_malloc_impl
                0x400876f8                multi_heap_malloc
 .text.multi_heap_free_impl
                0x40087808      0x130 C:/msys32/home/AllyKalaf/ESP32-bridge/build/heap\libheap.a(multi_heap.o)